2025-12-08 07:09:28.272 20889-20889 nggujun.tinaid          com.wuxianggujun.tinaide             W  Accessing hidden method Landroid/graphics/Paint;->getTextRunAdvances([CIIIIZ[FI)F (light greylist, linking)
2025-12-08 07:09:28.338 20889-20889 Lifecycle               com.wuxianggujun.tinaide             D  EditorFragment view created
2025-12-08 07:09:28.346 20889-20889 EditorFragment          com.wuxianggujun.tinaide             D  Loading file: /storage/emulated/0/TinaIDE/Projects/1111/main.cpp, content length: 95
2025-12-08 07:09:28.706 20889-20889 EditorFragment          com.wuxianggujun.tinaide             I  Applied C++ Tree-sitter language for: /storage/emulated/0/TinaIDE/Projects/1111/main.cpp
2025-12-08 07:09:28.707 20889-20889 EditorFragment          com.wuxianggujun.tinaide             D  compile_commands.json already exists at /storage/emulated/0/TinaIDE/Projects/1111/build/debug/compile_commands.json
2025-12-08 07:09:28.710 20889-20889 NativeLspBinResolver    com.wuxianggujun.tinaide             I  Resolved clangd binary for ABI=x86_64 at /data/user/0/com.wuxianggujun.tinaide/files/sysroot/usr/lib/x86_64-linux-android/runtime/libclangd.so
2025-12-08 07:09:28.710 20889-20889 SimpleLspService        com.wuxianggujun.tinaide             I  Configured clangd: /data/user/0/com.wuxianggujun.tinaide/files/sysroot/usr/lib/x86_64-linux-android/runtime/libclangd.so
2025-12-08 07:09:28.711 20889-20922 NativeLspDocBridge      com.wuxianggujun.tinaide             I  LSP initializing: clangd=/data/user/0/com.wuxianggujun.tinaide/files/sysroot/usr/lib/x86_64-linux-android/runtime/libclangd.so, workDir=/storage/emulated/0/TinaIDE/Projects/1111
2025-12-08 07:09:28.711 20889-20922 SimpleLspService        com.wuxianggujun.tinaide             I  Initializing: clangdPath=/data/user/0/com.wuxianggujun.tinaide/files/sysroot/usr/lib/x86_64-linux-android/runtime/libclangd.so, workDir=/storage/emulated/0/TinaIDE/Projects/1111
2025-12-08 07:09:28.711 20889-20922 SimpleLspJNI            com.wuxianggujun.tinaide             D  SimpleLspService.nativeInitialize called
2025-12-08 07:09:28.711 20889-20922 SimpleLspClient         com.wuxianggujun.tinaide             I  SimpleLspClient initializing...
2025-12-08 07:09:28.711 20889-20922 SimpleLspClient         com.wuxianggujun.tinaide             I  clangd_path: /data/user/0/com.wuxianggujun.tinaide/files/sysroot/usr/lib/x86_64-linux-android/runtime/libclangd.so
2025-12-08 07:09:28.711 20889-20922 SimpleLspClient         com.wuxianggujun.tinaide             I  work_dir: /storage/emulated/0/TinaIDE/Projects/1111
2025-12-08 07:09:28.711 20889-20922 SimpleLspClient         com.wuxianggujun.tinaide             I  Using compile_commands dir: /storage/emulated/0/TinaIDE/Projects/1111/build/debug
2025-12-08 07:09:28.711 20889-20922 TinaIDE                 com.wuxianggujun.tinaide             I  startClangd: preloading dependencies from: /data/user/0/com.wuxianggujun.tinaide/files/sysroot/usr/lib/x86_64-linux-android/runtime
2025-12-08 07:09:28.712 20889-20922 TinaIDE                 com.wuxianggujun.tinaide             I  Preloaded LLVM library: /data/user/0/com.wuxianggujun.tinaide/files/sysroot/usr/lib/x86_64-linux-android/runtime/libLLVM-17.so
2025-12-08 07:09:28.713 20889-20922 TinaIDE                 com.wuxianggujun.tinaide             I  Preloaded libclang-cpp.so
2025-12-08 07:09:28.715 20889-20922 TinaIDE                 com.wuxianggujun.tinaide             I  Preloaded libc++_shared.so
2025-12-08 07:09:28.715 20889-20922 TinaIDE                 com.wuxianggujun.tinaide             I  Increased stdout pipe size to 1048576 bytes
2025-12-08 07:09:28.715 20889-20922 TinaIDE                 com.wuxianggujun.tinaide             I  startClangd: loading libclangd.so from: /data/user/0/com.wuxianggujun.tinaide/files/sysroot/usr/lib/x86_64-linux-android/runtime/libclangd.so
2025-12-08 07:09:28.908 20889-20922 TinaIDE                 com.wuxianggujun.tinaide             I  startClangd: libclangd.so loaded successfully
2025-12-08 07:09:28.908 20889-20922 TinaIDE                 com.wuxianggujun.tinaide             I  startClangd: found symbols - clangd_main=0x7f0c47c03f40, clangd_run=0x7f0c47c03f70
2025-12-08 07:09:28.908 20889-20922 TinaIDE                 com.wuxianggujun.tinaide             I  startClangd: detected sysroot at /data/user/0/com.wuxianggujun.tinaide/files/sysroot
2025-12-08 07:09:28.909 20889-20922 TinaIDE                 com.wuxianggujun.tinaide             I  startClangd: using clang resource dir /data/user/0/com.wuxianggujun.tinaide/files/sysroot/lib/clang/17
2025-12-08 07:09:28.909 20889-20922 TinaIDE                 com.wuxianggujun.tinaide             I  startClangd: clangd thread started
2025-12-08 07:09:28.927 20889-21012 TinaIDE                 com.wuxianggujun.tinaide             I  clangd_thread: starting clangd
2025-12-08 07:09:29.410 20889-20922 SimpleLspClient         com.wuxianggujun.tinaide             D  Performing LSP initialize handshake...
2025-12-08 07:09:29.411 20889-21015 SimpleLspClient         com.wuxianggujun.tinaide             I  Reader thread started
2025-12-08 07:09:29.412 20889-20922 SimpleLspClient         com.wuxianggujun.tinaide             D  Sending: {"jsonrpc":"2.0","id":1,"method":"initialize","params":{"processId":20889,"rootUri":"file:///storage/emulated/0/TinaIDE/Projects/1111","capabilities":{"textDocument":{"completion":{"completionItem":{"snippetSupport":false}},"hover":{"contentFormat":["plaintext"]},"definition":{"linkSupport":false},"references":{},"publishDiagnostics":{"relatedInformation":true}}}}}
2025-12-08 07:09:29.426 20889-21015 SimpleLspClient         com.wuxianggujun.tinaide             D  Reader: received 2048 bytes, buffer now 2048 bytes
2025-12-08 07:09:29.426 20889-21015 SimpleLspClient         com.wuxianggujun.tinaide             D  Received: {"id":1,"jsonrpc":"2.0","result":{"capabilities":{"astProvider":true,"callHierarchyProvider":true,"clangdInlayHintsProvider":true,"codeActionProvider":true,"compilationDatabase":{"automaticReload":true},"completionProvider":{"resolveProvider":false,"triggerCharacters":[".","<",">",":","\"","/","*"]},"declarationProvider":true,"definitionProvider":true,"documentFormattingProvider":true,"documentHighlightProvider":true,"documentLinkProvider":{"resolveProvider":false},"documentOnTypeFormattingProvi
2025-12-08 07:09:29.427 20889-21015 SimpleLspClient         com.wuxianggujun.tinaide             D  Response stored for request 1
2025-12-08 07:09:29.513 20889-20922 SimpleLspClient         com.wuxianggujun.tinaide             D  Initialize response received
2025-12-08 07:09:29.513 20889-20922 SimpleLspClient         com.wuxianggujun.tinaide             D  Sending: {"jsonrpc":"2.0","method":"initialized","params":{}}
2025-12-08 07:09:29.513 20889-20922 SimpleLspClient         com.wuxianggujun.tinaide             I  SimpleLspClient initialized successfully
2025-12-08 07:09:29.513 20889-20922 SimpleLspJNI            com.wuxianggujun.tinaide             D  SimpleLspService.nativeInitialize: success=1
2025-12-08 07:09:29.513 20889-20922 NativeLspDocBridge      com.wuxianggujun.tinaide             I  LSP initialized successfully
2025-12-08 07:09:29.518 20889-20922 NativeLspDocBridge      com.wuxianggujun.tinaide             D  Document opened: file:///storage/emulated/0/TinaIDE/Projects/1111/main.cpp
2025-12-08 07:09:29.518 20889-20924 SimpleLspClient         com.wuxianggujun.tinaide             D  didOpen: file:///storage/emulated/0/TinaIDE/Projects/1111/main.cpp
2025-12-08 07:09:29.518 20889-20924 SimpleLspClient         com.wuxianggujun.tinaide             D  Sending: {"jsonrpc":"2.0","method":"textDocument/didOpen","params":{"textDocument":{"uri":"file:///storage/emulated/0/TinaIDE/Projects/1111/main.cpp","languageId":"cpp","version":1,"text":"#include <iostream>\n\nint main() {\n    std::cout << \"Hello, 1111!\" << std::endl;\n    return 0;\n}"}}}
2025-12-08 07:09:29.529 20889-20922 NativeLspDocBridge      com.wuxianggujun.tinaide             I  Native LSP synced document: /storage/emulated/0/TinaIDE/Projects/1111/main.cpp
2025-12-08 07:09:30.427 20889-20889 EditorFragment          com.wuxianggujun.tinaide             D  Hover suppressed due to missing trigger symbol
2025-12-08 07:09:31.492 20889-20922 NativeLspDocBridge      com.wuxianggujun.tinaide             D  Document changed: file:///storage/emulated/0/TinaIDE/Projects/1111/main.cpp, version=2
2025-12-08 07:09:31.501 20889-20921 SimpleLspClient         com.wuxianggujun.tinaide             D  didChange: file:///storage/emulated/0/TinaIDE/Projects/1111/main.cpp, version=2
2025-12-08 07:09:31.501 20889-20921 SimpleLspClient         com.wuxianggujun.tinaide             D  Sending: {"jsonrpc":"2.0","method":"textDocument/didChange","params":{"textDocument":{"uri":"file:///storage/emulated/0/TinaIDE/Projects/1111/main.cpp","version":2},"contentChanges":[{"text":"#include <iostream>\n\nint main() {\n    std::cout << \"Hello, 1111!\" << std::endl;\n\t\n    return 0;\n}"}]}}
2025-12-08 07:09:31.502 20889-20889 EditorFragment          com.wuxianggujun.tinaide             D  Hover suppressed due to missing trigger symbol
2025-12-08 07:09:31.737 20889-21031 CppNativeCompletion     com.wuxianggujun.tinaide             D  Completion request -> file=/storage/emulated/0/TinaIDE/Projects/1111/main.cpp line=4 col=2 key=/storage/emulated/0/TinaIDE/Projects/1111/main.cpp:4:2 scopePrefix='' filterPrefix='s' hasTrigger=false replacementLen=1
2025-12-08 07:09:31.740 20889-20921 NativeLspDocBridge      com.wuxianggujun.tinaide             D  Document changed: file:///storage/emulated/0/TinaIDE/Projects/1111/main.cpp, version=3
2025-12-08 07:09:31.741 20889-20921 SimpleLspClient         com.wuxianggujun.tinaide             D  didChange: file:///storage/emulated/0/TinaIDE/Projects/1111/main.cpp, version=3
2025-12-08 07:09:31.741 20889-20921 SimpleLspClient         com.wuxianggujun.tinaide             D  Sending: {"jsonrpc":"2.0","method":"textDocument/didChange","params":{"textDocument":{"uri":"file:///storage/emulated/0/TinaIDE/Projects/1111/main.cpp","version":3},"contentChanges":[{"text":"#include <iostream>\n\nint main() {\n    std::cout << \"Hello, 1111!\" << std::endl;\n\ts\n    return 0;\n}"}]}}
2025-12-08 07:09:31.842 20889-21033 SimpleLspClient         com.wuxianggujun.tinaide             D  requestCompletion: id=2, file=file:///storage/emulated/0/TinaIDE/Projects/1111/main.cpp, line=4, char=2
2025-12-08 07:09:31.842 20889-21033 SimpleLspService        com.wuxianggujun.tinaide             D  Completion request: id=2
2025-12-08 07:09:31.843 20889-21018 SimpleLspClient         com.wuxianggujun.tinaide             D  Sending: {"jsonrpc":"2.0","id":2,"method":"textDocument/completion","params":{"textDocument":{"uri":"file:///storage/emulated/0/TinaIDE/Projects/1111/main.cpp"},"position":{"line":4,"character":2},"context":{"triggerKind":1}}}
2025-12-08 07:09:31.857 20889-21015 SimpleLspClient         com.wuxianggujun.tinaide             D  Reader: received 348 bytes, buffer now 348 bytes
2025-12-08 07:09:31.857 20889-21015 SimpleLspClient         com.wuxianggujun.tinaide             D  Received: {"id":2,"jsonrpc":"2.0","result":{"isIncomplete":false,"items":[{"deprecated":true,"filterText":"std","insertText":"std","insertTextFormat":1,"kind":1,"label":" std","score":0.10956159234046936,"sortText":"421f9e2cstd","textEdit":{"newText":"std","range":{"end":{"character":2,"line":4},"start":{"character":1,"line":4}}}}]}}
2025-12-08 07:09:31.857 20889-21015 SimpleLspClient         com.wuxianggujun.tinaide             D  Response stored for request 2
2025-12-08 07:09:31.864 20889-20922 SimpleLspClient         com.wuxianggujun.tinaide             D  getResult: returning result for request 2, pending_requests size=0
2025-12-08 07:09:31.871 20889-20889 nggujun.tinaid          com.wuxianggujun.tinaide             W  Accessing hidden method Landroid/text/SpannableStringInternal;->length()I (light greylist, linking)
2025-12-08 07:09:31.872 20889-20889 CppNativeCompletion     com.wuxianggujun.tinaide             D  Completion result -> file=/storage/emulated/0/TinaIDE/Projects/1111/main.cpp line=4 col=2 items=1 preview=std
2025-12-08 07:09:32.004 20889-20937 EGL_adreno              com.wuxianggujun.tinaide             E  [getAttribValue] Bad attribute idx
2025-12-08 07:09:32.004 20889-20937 EGL_adreno              com.wuxianggujun.tinaide             D  eglGetConfigAttrib: bad attrib 0x3339
2025-12-08 07:09:32.020 20889-20937 EGL_adreno              com.wuxianggujun.tinaide             E  tid 20937: eglSurfaceAttrib(1615): error 0x3009 (EGL_BAD_MATCH)
2025-12-08 07:09:32.020 20889-20937 OpenGLRenderer          com.wuxianggujun.tinaide             W  Failed to set EGL_SWAP_BEHAVIOR on surface 0x7f0c4aaa0b80, error=EGL_BAD_MATCH
2025-12-08 07:09:32.058 20889-20889 EditorFragment          com.wuxianggujun.tinaide             D  Hover suppressed because completion panel showing
2025-12-08 07:09:32.377 20889-21040 CppNativeCompletion     com.wuxianggujun.tinaide             D  Completion request -> file=/storage/emulated/0/TinaIDE/Projects/1111/main.cpp line=4 col=3 key=/storage/emulated/0/TinaIDE/Projects/1111/main.cpp:4:3 scopePrefix='' filterPrefix='st' hasTrigger=false replacementLen=2
2025-12-08 07:09:32.617 20889-21040 CppNativeCompletion     com.wuxianggujun.tinaide             D  Completion result [cache] -> file=/storage/emulated/0/TinaIDE/Projects/1111/main.cpp line=4 col=3 items=1 preview=std
2025-12-08 07:09:32.637 20889-21041 CppNativeCompletion     com.wuxianggujun.tinaide             D  Completion request -> file=/storage/emulated/0/TinaIDE/Projects/1111/main.cpp line=4 col=4 key=/storage/emulated/0/TinaIDE/Projects/1111/main.cpp:4:4 scopePrefix='' filterPrefix='std' hasTrigger=false replacementLen=3
2025-12-08 07:09:32.637 20889-21041 CppNativeCompletion     com.wuxianggujun.tinaide             D  Completion result [cache] -> file=/storage/emulated/0/TinaIDE/Projects/1111/main.cpp line=4 col=4 items=1 preview=std
2025-12-08 07:09:32.694 20889-21015 SimpleLspClient         com.wuxianggujun.tinaide             D  Reader: received 189 bytes, buffer now 189 bytes
2025-12-08 07:09:32.694 20889-21015 SimpleLspClient         com.wuxianggujun.tinaide             D  Received: {"jsonrpc":"2.0","method":"textDocument/publishDiagnostics","params":{"diagnostics":[],"uri":"file:///storage/emulated/0/TinaIDE/Projects/1111/main.cpp","version":1}}
2025-12-08 07:09:32.694 20889-21015 SimpleLspClient         com.wuxianggujun.tinaide             D  Received diagnostics notification
2025-12-08 07:09:32.745 20889-21015 SimpleLspClient         com.wuxianggujun.tinaide             D  Reader: received 391 bytes, buffer now 391 bytes
2025-12-08 07:09:32.745 20889-21015 SimpleLspClient         com.wuxianggujun.tinaide             D  Received: {"jsonrpc":"2.0","method":"textDocument/publishDiagnostics","params":{"diagnostics":[{"code":"undeclared_var_use","message":"Use of undeclared identifier 's'","range":{"end":{"character":2,"line":4},"start":{"character":1,"line":4}},"relatedInformation":[],"severity":1,"source":"clang"}],"uri":"file:///storage/emulated/0/TinaIDE/Projects/1111/main.cpp","version":3}}
2025-12-08 07:09:32.745 20889-21015 SimpleLspClient         com.wuxianggujun.tinaide             D  Received diagnostics notification
2025-12-08 07:09:32.837 20889-20937 EGL_adreno              com.wuxianggujun.tinaide             E  [getAttribValue] Bad attribute idx
2025-12-08 07:09:32.837 20889-20937 EGL_adreno              com.wuxianggujun.tinaide             D  eglGetConfigAttrib: bad attrib 0x3339
2025-12-08 07:09:32.892 20889-20937 EGL_adreno              com.wuxianggujun.tinaide             E  tid 20937: eglSurfaceAttrib(1615): error 0x3009 (EGL_BAD_MATCH)
2025-12-08 07:09:32.892 20889-20937 OpenGLRenderer          com.wuxianggujun.tinaide             W  Failed to set EGL_SWAP_BEHAVIOR on surface 0x7f0c4aaa0b80, error=EGL_BAD_MATCH
2025-12-08 07:09:32.948 20889-21033 NativeLspDocBridge      com.wuxianggujun.tinaide             D  Document changed: file:///storage/emulated/0/TinaIDE/Projects/1111/main.cpp, version=4
2025-12-08 07:09:32.949 20889-21033 SimpleLspClient         com.wuxianggujun.tinaide             D  didChange: file:///storage/emulated/0/TinaIDE/Projects/1111/main.cpp, version=4
2025-12-08 07:09:32.949 20889-21033 SimpleLspClient         com.wuxianggujun.tinaide             D  Sending: {"jsonrpc":"2.0","method":"textDocument/didChange","params":{"textDocument":{"uri":"file:///storage/emulated/0/TinaIDE/Projects/1111/main.cpp","version":4},"contentChanges":[{"text":"#include <iostream>\n\nint main() {\n    std::cout << \"Hello, 1111!\" << std::endl;\n\tstd\n    return 0;\n}"}]}}
2025-12-08 07:09:32.965 20889-20889 EditorFragment          com.wuxianggujun.tinaide             D  Hover suppressed because completion panel showing
2025-12-08 07:09:33.317 20889-21015 SimpleLspClient         com.wuxianggujun.tinaide             D  Reader: received 636 bytes, buffer now 636 bytes
2025-12-08 07:09:33.317 20889-21015 SimpleLspClient         com.wuxianggujun.tinaide             D  Received: {"jsonrpc":"2.0","method":"textDocument/publishDiagnostics","params":{"diagnostics":[{"code":"unexpected_namespace","message":"Unexpected namespace name 'std': expected expression","range":{"end":{"character":4,"line":4},"start":{"character":1,"line":4}},"relatedInformation":[],"severity":1,"source":"clang"},{"code":"expected_semi_after_expr","message":"Expected ';' after expression (fix available)","range":{"end":{"character":10,"line":5},"start":{"character":4,"line":5}},"relatedInformation":[
2025-12-08 07:09:33.317 20889-21015 SimpleLspClient         com.wuxianggujun.tinaide             D  Received diagnostics notification
2025-12-08 07:09:33.995 20889-21046 CppNativeCompletion     com.wuxianggujun.tinaide             D  Completion request -> file=/storage/emulated/0/TinaIDE/Projects/1111/main.cpp line=4 col=5 key=/storage/emulated/0/TinaIDE/Projects/1111/main.cpp:4:5 scopePrefix='' filterPrefix='' hasTrigger=false replacementLen=0
2025-12-08 07:09:33.996 20889-21046 CppNativeCompletion     com.wuxianggujun.tinaide             D  Empty prefix and no trigger, skip completion for key=/storage/emulated/0/TinaIDE/Projects/1111/main.cpp:4:5
2025-12-08 07:09:34.187 20889-21047 CppNativeCompletion     com.wuxianggujun.tinaide             D  Completion request -> file=/storage/emulated/0/TinaIDE/Projects/1111/main.cpp line=4 col=6 key=/storage/emulated/0/TinaIDE/Projects/1111/main.cpp:4:6 scopePrefix='std::' filterPrefix='' hasTrigger=true replacementLen=0
2025-12-08 07:09:34.187 20889-21047 NativeLspRequestBridge  com.wuxianggujun.tinaide             D  Completion timeout override 3000ms for uri=file:///storage/emulated/0/TinaIDE/Projects/1111/main.cpp pos=4:6 triggerChar=:
2025-12-08 07:09:34.205 20889-21033 NativeLspDocBridge      com.wuxianggujun.tinaide             D  Document changed: file:///storage/emulated/0/TinaIDE/Projects/1111/main.cpp, version=5
2025-12-08 07:09:34.206 20889-21033 SimpleLspClient         com.wuxianggujun.tinaide             D  didChange: file:///storage/emulated/0/TinaIDE/Projects/1111/main.cpp, version=5
2025-12-08 07:09:34.206 20889-21033 SimpleLspClient         com.wuxianggujun.tinaide             D  Sending: {"jsonrpc":"2.0","method":"textDocument/didChange","params":{"textDocument":{"uri":"file:///storage/emulated/0/TinaIDE/Projects/1111/main.cpp","version":5},"contentChanges":[{"text":"#include <iostream>\n\nint main() {\n    std::cout << \"Hello, 1111!\" << std::endl;\n\tstd::\n    return 0;\n}"}]}}
2025-12-08 07:09:34.307 20889-21032 SimpleLspClient         com.wuxianggujun.tinaide             D  requestCompletion: id=3, file=file:///storage/emulated/0/TinaIDE/Projects/1111/main.cpp, line=4, char=6
2025-12-08 07:09:34.307 20889-21032 SimpleLspService        com.wuxianggujun.tinaide             D  Completion request: id=3 using extended timeout=3000ms
2025-12-08 07:09:34.307 20889-21018 SimpleLspClient         com.wuxianggujun.tinaide             D  Sending: {"jsonrpc":"2.0","id":3,"method":"textDocument/completion","params":{"textDocument":{"uri":"file:///storage/emulated/0/TinaIDE/Projects/1111/main.cpp"},"position":{"line":4,"character":6},"context":{"triggerKind":2,"triggerCharacter":":"}}}
2025-12-08 07:09:34.325 20889-21015 SimpleLspClient         com.wuxianggujun.tinaide             D  Reader: received 388 bytes, buffer now 388 bytes
2025-12-08 07:09:34.325 20889-21015 SimpleLspClient         com.wuxianggujun.tinaide             D  Received: {"jsonrpc":"2.0","method":"textDocument/publishDiagnostics","params":{"diagnostics":[{"code":"expected_unqualified_id","message":"Expected unqualified-id","range":{"end":{"character":10,"line":5},"start":{"character":4,"line":5}},"relatedInformation":[],"severity":1,"source":"clang"}],"uri":"file:///storage/emulated/0/TinaIDE/Projects/1111/main.cpp","version":5}}
2025-12-08 07:09:34.325 20889-21015 SimpleLspClient         com.wuxianggujun.tinaide             D  Received diagnostics notification
2025-12-08 07:09:34.391 20889-21015 SimpleLspClient         com.wuxianggujun.tinaide             D  Reader: received 8192 bytes, buffer now 8192 bytes
2025-12-08 07:09:34.392 20889-21015 SimpleLspClient         com.wuxianggujun.tinaide             D  Reader: received 8192 bytes, buffer now 16384 bytes
2025-12-08 07:09:34.392 20889-21015 SimpleLspClient         com.wuxianggujun.tinaide             D  Reader: received 1230 bytes, buffer now 17614 bytes
2025-12-08 07:09:34.392 20889-21015 SimpleLspClient         com.wuxianggujun.tinaide             D  Received: {"id":3,"jsonrpc":"2.0","result":{"isIncomplete":true,"items":[{"filterText":"ostream","insertText":"ostream","insertTextFormat":1,"kind":8,"label":" ostream","score":2.2706954479217529,"sortText":"3feeacedostream","textEdit":{"newText":"ostream","range":{"end":{"character":6,"line":4},"start":{"character":6,"line":4}}}},{"detail":"ostream","filterText":"cout","insertText":"cout","insertTextFormat":1,"kind":6,"label":" cout","score":1.3308043479919434,"sortText":"4055a834cout","textEdit":{"newTe
2025-12-08 07:09:34.392 20889-21015 SimpleLspClient         com.wuxianggujun.tinaide             D  Response stored for request 3
2025-12-08 07:09:34.398 20889-21032 SimpleLspClient         com.wuxianggujun.tinaide             D  getResult: returning result for request 3, pending_requests size=0
2025-12-08 07:09:34.475 20889-20889 CppNativeCompletion     com.wuxianggujun.tinaide             D  Completion result -> file=/storage/emulated/0/TinaIDE/Projects/1111/main.cpp line=4 col=6 items=50 preview=ostream, cout, endl(basic_ostream<CharT, Traits> &os), ios_base, operator<<(byte lhs, Integer shift)
2025-12-08 07:09:34.507 20889-20889 NativeLspRequestBridge  com.wuxianggujun.tinaide             D  Hover suppressed due to recent completion key=file:///storage/emulated/0/TinaIDE/Projects/1111/main.cpp caret=4:6
2025-12-08 07:09:34.622 20889-20937 EGL_adreno              com.wuxianggujun.tinaide             E  [getAttribValue] Bad attribute idx
2025-12-08 07:09:34.622 20889-20937 EGL_adreno              com.wuxianggujun.tinaide             D  eglGetConfigAttrib: bad attrib 0x3339
2025-12-08 07:09:34.677 20889-20937 EGL_adreno              com.wuxianggujun.tinaide             E  tid 20937: eglSurfaceAttrib(1615): error 0x3009 (EGL_BAD_MATCH)
2025-12-08 07:09:34.677 20889-20937 OpenGLRenderer          com.wuxianggujun.tinaide             W  Failed to set EGL_SWAP_BEHAVIOR on surface 0x7f0c4ad2da00, error=EGL_BAD_MATCH
2025-12-08 07:09:35.004 20889-21052 CppNativeCompletion     com.wuxianggujun.tinaide             D  Completion request -> file=/storage/emulated/0/TinaIDE/Projects/1111/main.cpp line=4 col=7 key=/storage/emulated/0/TinaIDE/Projects/1111/main.cpp:4:7 scopePrefix='std::' filterPrefix='s' hasTrigger=true replacementLen=1
2025-12-08 07:09:35.004 20889-21052 NativeLspRequestBridge  com.wuxianggujun.tinaide             D  Completion timeout override 3000ms for uri=file:///storage/emulated/0/TinaIDE/Projects/1111/main.cpp pos=4:7 triggerChar=:
2025-12-08 07:09:35.006 20889-20922 NativeLspDocBridge      com.wuxianggujun.tinaide             D  Document changed: file:///storage/emulated/0/TinaIDE/Projects/1111/main.cpp, version=6
2025-12-08 07:09:35.006 20889-21032 SimpleLspClient         com.wuxianggujun.tinaide             D  didChange: file:///storage/emulated/0/TinaIDE/Projects/1111/main.cpp, version=6
2025-12-08 07:09:35.007 20889-21032 SimpleLspClient         com.wuxianggujun.tinaide             D  Sending: {"jsonrpc":"2.0","method":"textDocument/didChange","params":{"textDocument":{"uri":"file:///storage/emulated/0/TinaIDE/Projects/1111/main.cpp","version":6},"contentChanges":[{"text":"#include <iostream>\n\nint main() {\n    std::cout << \"Hello, 1111!\" << std::endl;\n\tstd::s\n    return 0;\n}"}]}}
2025-12-08 07:09:35.107 20889-21033 SimpleLspClient         com.wuxianggujun.tinaide             D  requestCompletion: id=4, file=file:///storage/emulated/0/TinaIDE/Projects/1111/main.cpp, line=4, char=7
2025-12-08 07:09:35.107 20889-21033 SimpleLspService        com.wuxianggujun.tinaide             D  Completion request: id=4 using extended timeout=3000ms
2025-12-08 07:09:35.107 20889-21018 SimpleLspClient         com.wuxianggujun.tinaide             D  Sending: {"jsonrpc":"2.0","id":4,"method":"textDocument/completion","params":{"textDocument":{"uri":"file:///storage/emulated/0/TinaIDE/Projects/1111/main.cpp"},"position":{"line":4,"character":7},"context":{"triggerKind":2,"triggerCharacter":":"}}}
2025-12-08 07:09:35.195 20889-21015 SimpleLspClient         com.wuxianggujun.tinaide             D  Reader: received 8192 bytes, buffer now 8192 bytes
2025-12-08 07:09:35.196 20889-21015 SimpleLspClient         com.wuxianggujun.tinaide             D  Reader: received 2026 bytes, buffer now 10218 bytes
2025-12-08 07:09:35.196 20889-21015 SimpleLspClient         com.wuxianggujun.tinaide             D  Received: {"id":4,"jsonrpc":"2.0","result":{"isIncomplete":true,"items":[{"documentation":{"kind":"plaintext","value":"From <memory>"},"filterText":"shared_ptr","insertText":"shared_ptr","insertTextFormat":1,"kind":7,"label":" shared_ptr<class Tp>","score":0.63317197561264038,"sortText":"40dde871shared_ptr","textEdit":{"newText":"shared_ptr","range":{"end":{"character":7,"line":4},"start":{"character":6,"line":4}}}},{"documentation":{"kind":"plaintext","value":"From <string_view>"},"filterText":"string_vi
2025-12-08 07:09:35.196 20889-21015 SimpleLspClient         com.wuxianggujun.tinaide             D  Response stored for request 4
2025-12-08 07:09:35.202 20889-21033 SimpleLspClient         com.wuxianggujun.tinaide             D  getResult: returning result for request 4, pending_requests size=0
2025-12-08 07:09:35.269 20889-20889 CppNativeCompletion     com.wuxianggujun.tinaide             D  Completion result -> file=/storage/emulated/0/TinaIDE/Projects/1111/main.cpp line=4 col=7 items=28 preview=shared_ptr<class Tp>, string_view, scoped_lock<class Mutexes>, streambuf, streamoff
2025-12-08 07:09:35.324 20889-20889 EditorFragment          com.wuxianggujun.tinaide             D  Hover suppressed due to missing trigger symbol
2025-12-08 07:09:35.336 20889-21015 SimpleLspClient         com.wuxianggujun.tinaide             D  Reader: received 611 bytes, buffer now 611 bytes
2025-12-08 07:09:35.337 20889-21015 SimpleLspClient         com.wuxianggujun.tinaide             D  Received: {"jsonrpc":"2.0","method":"textDocument/publishDiagnostics","params":{"diagnostics":[{"code":"expected_semi_after_expr","message":"Expected ';' after expression (fix available)","range":{"end":{"character":10,"line":5},"start":{"character":4,"line":5}},"relatedInformation":[],"severity":1,"source":"clang"},{"code":"no_member","message":"No member named 's' in namespace 'std'","range":{"end":{"character":7,"line":4},"start":{"character":6,"line":4}},"relatedInformation":[],"severity":1,"source":"
2025-12-08 07:09:35.337 20889-21015 SimpleLspClient         com.wuxianggujun.tinaide             D  Received diagnostics notification
2025-12-08 07:09:35.402 20889-20937 EGL_adreno              com.wuxianggujun.tinaide             E  [getAttribValue] Bad attribute idx
2025-12-08 07:09:35.402 20889-20937 EGL_adreno              com.wuxianggujun.tinaide             D  eglGetConfigAttrib: bad attrib 0x3339
2025-12-08 07:09:35.417 20889-20937 EGL_adreno              com.wuxianggujun.tinaide             E  tid 20937: eglSurfaceAttrib(1615): error 0x3009 (EGL_BAD_MATCH)
2025-12-08 07:09:35.417 20889-20937 OpenGLRenderer          com.wuxianggujun.tinaide             W  Failed to set EGL_SWAP_BEHAVIOR on surface 0x7f0c49b2e980, error=EGL_BAD_MATCH
2025-12-08 07:09:36.237 20889-21058 CppNativeCompletion     com.wuxianggujun.tinaide             D  Completion request -> file=/storage/emulated/0/TinaIDE/Projects/1111/main.cpp line=4 col=8 key=/storage/emulated/0/TinaIDE/Projects/1111/main.cpp:4:8 scopePrefix='std::' filterPrefix='st' hasTrigger=true replacementLen=2
2025-12-08 07:09:36.237 20889-21058 NativeLspRequestBridge  com.wuxianggujun.tinaide             D  Completion timeout override 3000ms for uri=file:///storage/emulated/0/TinaIDE/Projects/1111/main.cpp pos=4:8 triggerChar=:
2025-12-08 07:09:36.239 20889-20922 NativeLspDocBridge      com.wuxianggujun.tinaide             D  Document changed: file:///storage/emulated/0/TinaIDE/Projects/1111/main.cpp, version=7
2025-12-08 07:09:36.239 20889-21032 SimpleLspClient         com.wuxianggujun.tinaide             D  didChange: file:///storage/emulated/0/TinaIDE/Projects/1111/main.cpp, version=7
2025-12-08 07:09:36.239 20889-21032 SimpleLspClient         com.wuxianggujun.tinaide             D  Sending: {"jsonrpc":"2.0","method":"textDocument/didChange","params":{"textDocument":{"uri":"file:///storage/emulated/0/TinaIDE/Projects/1111/main.cpp","version":7},"contentChanges":[{"text":"#include <iostream>\n\nint main() {\n    std::cout << \"Hello, 1111!\" << std::endl;\n\tstd::st\n    return 0;\n}"}]}}
2025-12-08 07:09:36.340 20889-20921 SimpleLspClient         com.wuxianggujun.tinaide             D  requestCompletion: id=5, file=file:///storage/emulated/0/TinaIDE/Projects/1111/main.cpp, line=4, char=8
2025-12-08 07:09:36.340 20889-20921 SimpleLspService        com.wuxianggujun.tinaide             D  Completion request: id=5 using extended timeout=3000ms
2025-12-08 07:09:36.341 20889-21018 SimpleLspClient         com.wuxianggujun.tinaide             D  Sending: {"jsonrpc":"2.0","id":5,"method":"textDocument/completion","params":{"textDocument":{"uri":"file:///storage/emulated/0/TinaIDE/Projects/1111/main.cpp"},"position":{"line":4,"character":8},"context":{"triggerKind":2,"triggerCharacter":":"}}}
2025-12-08 07:09:36.401 20889-21015 SimpleLspClient         com.wuxianggujun.tinaide             D  Reader: received 8192 bytes, buffer now 8192 bytes
2025-12-08 07:09:36.401 20889-21015 SimpleLspClient         com.wuxianggujun.tinaide             D  Reader: received 5645 bytes, buffer now 13837 bytes
2025-12-08 07:09:36.401 20889-21015 SimpleLspClient         com.wuxianggujun.tinaide             D  Received: {"id":5,"jsonrpc":"2.0","result":{"isIncomplete":true,"items":[{"documentation":{"kind":"plaintext","value":"From <string>"},"filterText":"string","insertText":"string","insertTextFormat":1,"kind":8,"label":" string","score":0.63317197561264038,"sortText":"40dde871string","textEdit":{"newText":"string","range":{"end":{"character":8,"line":4},"start":{"character":6,"line":4}}}},{"documentation":{"kind":"plaintext","value":"From <string_view>"},"filterText":"string_view","insertText":"string_view"
2025-12-08 07:09:36.401 20889-21015 SimpleLspClient         com.wuxianggujun.tinaide             D  Response stored for request 5
2025-12-08 07:09:36.404 20889-20921 SimpleLspClient         com.wuxianggujun.tinaide             D  getResult: returning result for request 5, pending_requests size=0
2025-12-08 07:09:36.418 20889-20889 CppNativeCompletion     com.wuxianggujun.tinaide             D  Completion result -> file=/storage/emulated/0/TinaIDE/Projects/1111/main.cpp line=4 col=8 items=41 preview=string, string_view, streambuf, streamoff, streampos
2025-12-08 07:09:36.493 20889-21015 SimpleLspClient         com.wuxianggujun.tinaide             D  Reader: received 612 bytes, buffer now 612 bytes
2025-12-08 07:09:36.494 20889-21015 SimpleLspClient         com.wuxianggujun.tinaide             D  Received: {"jsonrpc":"2.0","method":"textDocument/publishDiagnostics","params":{"diagnostics":[{"code":"expected_semi_after_expr","message":"Expected ';' after expression (fix available)","range":{"end":{"character":10,"line":5},"start":{"character":4,"line":5}},"relatedInformation":[],"severity":1,"source":"clang"},{"code":"no_member","message":"No member named 'st' in namespace 'std'","range":{"end":{"character":8,"line":4},"start":{"character":6,"line":4}},"relatedInformation":[],"severity":1,"source":
2025-12-08 07:09:36.495 20889-21015 SimpleLspClient         com.wuxianggujun.tinaide             D  Received diagnostics notification
2025-12-08 07:09:36.537 20889-20937 EGL_adreno              com.wuxianggujun.tinaide             E  [getAttribValue] Bad attribute idx
2025-12-08 07:09:36.537 20889-20937 EGL_adreno              com.wuxianggujun.tinaide             D  eglGetConfigAttrib: bad attrib 0x3339
2025-12-08 07:09:36.557 20889-20937 EGL_adreno              com.wuxianggujun.tinaide             E  tid 20937: eglSurfaceAttrib(1615): error 0x3009 (EGL_BAD_MATCH)
2025-12-08 07:09:36.557 20889-20937 OpenGLRenderer          com.wuxianggujun.tinaide             W  Failed to set EGL_SWAP_BEHAVIOR on surface 0x7f0c49b2e980, error=EGL_BAD_MATCH
2025-12-08 07:09:36.563 20889-21063 CppNativeCompletion     com.wuxianggujun.tinaide             D  Completion request -> file=/storage/emulated/0/TinaIDE/Projects/1111/main.cpp line=4 col=9 key=/storage/emulated/0/TinaIDE/Projects/1111/main.cpp:4:9 scopePrefix='std::' filterPrefix='str' hasTrigger=true replacementLen=3
2025-12-08 07:09:36.563 20889-21063 NativeLspRequestBridge  com.wuxianggujun.tinaide             D  Completion timeout override 3000ms for uri=file:///storage/emulated/0/TinaIDE/Projects/1111/main.cpp pos=4:9 triggerChar=:
2025-12-08 07:09:36.594 20889-21033 NativeLspDocBridge      com.wuxianggujun.tinaide             D  Document changed: file:///storage/emulated/0/TinaIDE/Projects/1111/main.cpp, version=8
2025-12-08 07:09:36.594 20889-21033 SimpleLspClient         com.wuxianggujun.tinaide             D  didChange: file:///storage/emulated/0/TinaIDE/Projects/1111/main.cpp, version=8
2025-12-08 07:09:36.594 20889-21033 SimpleLspClient         com.wuxianggujun.tinaide             D  Sending: {"jsonrpc":"2.0","method":"textDocument/didChange","params":{"textDocument":{"uri":"file:///storage/emulated/0/TinaIDE/Projects/1111/main.cpp","version":8},"contentChanges":[{"text":"#include <iostream>\n\nint main() {\n    std::cout << \"Hello, 1111!\" << std::endl;\n\tstd::str\n    return 0;\n}"}]}}
2025-12-08 07:09:36.642 20889-21064 CppNativeCompletion     com.wuxianggujun.tinaide             D  Completion request -> file=/storage/emulated/0/TinaIDE/Projects/1111/main.cpp line=4 col=10 key=/storage/emulated/0/TinaIDE/Projects/1111/main.cpp:4:10 scopePrefix='std::' filterPrefix='stri' hasTrigger=true replacementLen=4
2025-12-08 07:09:36.642 20889-21064 NativeLspRequestBridge  com.wuxianggujun.tinaide             D  Completion timeout override 3000ms for uri=file:///storage/emulated/0/TinaIDE/Projects/1111/main.cpp pos=4:10 triggerChar=:
2025-12-08 07:09:36.695 20889-20922 SimpleLspClient         com.wuxianggujun.tinaide             D  requestCompletion: id=6, file=file:///storage/emulated/0/TinaIDE/Projects/1111/main.cpp, line=4, char=9
2025-12-08 07:09:36.695 20889-21018 SimpleLspClient         com.wuxianggujun.tinaide             D  Sending: {"jsonrpc":"2.0","id":6,"method":"textDocument/completion","params":{"textDocument":{"uri":"file:///storage/emulated/0/TinaIDE/Projects/1111/main.cpp"},"position":{"line":4,"character":9},"context":{"triggerKind":2,"triggerCharacter":":"}}}
2025-12-08 07:09:36.695 20889-20922 SimpleLspService        com.wuxianggujun.tinaide             D  Completion request: id=6 using extended timeout=3000ms
2025-12-08 07:09:36.751 20889-21015 SimpleLspClient         com.wuxianggujun.tinaide             D  Reader: received 8192 bytes, buffer now 8192 bytes
2025-12-08 07:09:36.752 20889-21015 SimpleLspClient         com.wuxianggujun.tinaide             D  Reader: received 6181 bytes, buffer now 14373 bytes
2025-12-08 07:09:36.752 20889-21015 SimpleLspClient         com.wuxianggujun.tinaide             D  Received: {"id":6,"jsonrpc":"2.0","result":{"isIncomplete":true,"items":[{"documentation":{"kind":"plaintext","value":"From <string>"},"filterText":"string","insertText":"string","insertTextFormat":1,"kind":8,"label":" string","score":0.63317197561264038,"sortText":"40dde871string","textEdit":{"newText":"string","range":{"end":{"character":9,"line":4},"start":{"character":6,"line":4}}}},{"documentation":{"kind":"plaintext","value":"From <string_view>"},"filterText":"string_view","insertText":"string_view"
2025-12-08 07:09:36.752 20889-21015 SimpleLspClient         com.wuxianggujun.tinaide             D  Response stored for request 6
2025-12-08 07:09:36.761 20889-20922 SimpleLspClient         com.wuxianggujun.tinaide             D  getResult: returning result for request 6, pending_requests size=0
2025-12-08 07:09:36.791 20889-20922 NativeLspDocBridge      com.wuxianggujun.tinaide             D  Document changed: file:///storage/emulated/0/TinaIDE/Projects/1111/main.cpp, version=9
2025-12-08 07:09:36.792 20889-20922 SimpleLspClient         com.wuxianggujun.tinaide             D  didChange: file:///storage/emulated/0/TinaIDE/Projects/1111/main.cpp, version=9
2025-12-08 07:09:36.792 20889-20922 SimpleLspClient         com.wuxianggujun.tinaide             D  Sending: {"jsonrpc":"2.0","method":"textDocument/didChange","params":{"textDocument":{"uri":"file:///storage/emulated/0/TinaIDE/Projects/1111/main.cpp","version":9},"contentChanges":[{"text":"#include <iostream>\n\nint main() {\n    std::cout << \"Hello, 1111!\" << std::endl;\n\tstd::stri\n    return 0;\n}"}]}}
2025-12-08 07:09:36.818 20889-21067 CppNativeCompletion     com.wuxianggujun.tinaide             D  Completion request -> file=/storage/emulated/0/TinaIDE/Projects/1111/main.cpp line=4 col=11 key=/storage/emulated/0/TinaIDE/Projects/1111/main.cpp:4:11 scopePrefix='std::' filterPrefix='strin' hasTrigger=true replacementLen=5
2025-12-08 07:09:36.818 20889-21067 NativeLspRequestBridge  com.wuxianggujun.tinaide             D  Completion timeout override 3000ms for uri=file:///storage/emulated/0/TinaIDE/Projects/1111/main.cpp pos=4:11 triggerChar=:
2025-12-08 07:09:36.916 20889-20922 SimpleLspClient         com.wuxianggujun.tinaide             D  requestCompletion: id=7, file=file:///storage/emulated/0/TinaIDE/Projects/1111/main.cpp, line=4, char=10
2025-12-08 07:09:36.916 20889-20922 SimpleLspService        com.wuxianggujun.tinaide             D  Completion request: id=7 using extended timeout=3000ms
2025-12-08 07:09:36.917 20889-21018 SimpleLspClient         com.wuxianggujun.tinaide             D  Sending: {"jsonrpc":"2.0","id":7,"method":"textDocument/completion","params":{"textDocument":{"uri":"file:///storage/emulated/0/TinaIDE/Projects/1111/main.cpp"},"position":{"line":4,"character":10},"context":{"triggerKind":2,"triggerCharacter":":"}}}
2025-12-08 07:09:36.999 20889-21015 SimpleLspClient         com.wuxianggujun.tinaide             D  Reader: received 4095 bytes, buffer now 4095 bytes
2025-12-08 07:09:36.999 20889-21015 SimpleLspClient         com.wuxianggujun.tinaide             D  Received: {"id":7,"jsonrpc":"2.0","result":{"isIncomplete":false,"items":[{"documentation":{"kind":"plaintext","value":"From <string>"},"filterText":"string","insertText":"string","insertTextFormat":1,"kind":8,"label":" string","score":0.63317197561264038,"sortText":"40dde871string","textEdit":{"newText":"string","range":{"end":{"character":10,"line":4},"start":{"character":6,"line":4}}}},{"documentation":{"kind":"plaintext","value":"From <string_view>"},"filterText":"string_view","insertText":"string_vie
2025-12-08 07:09:36.999 20889-21015 SimpleLspClient         com.wuxianggujun.tinaide             D  Response stored for request 7
2025-12-08 07:09:37.005 20889-21032 SimpleLspClient         com.wuxianggujun.tinaide             D  getResult: returning result for request 7, pending_requests size=0
2025-12-08 07:09:37.013 20889-20922 NativeLspDocBridge      com.wuxianggujun.tinaide             D  Document changed: file:///storage/emulated/0/TinaIDE/Projects/1111/main.cpp, version=10
2025-12-08 07:09:37.015 20889-20921 SimpleLspClient         com.wuxianggujun.tinaide             D  didChange: file:///storage/emulated/0/TinaIDE/Projects/1111/main.cpp, version=10
2025-12-08 07:09:37.015 20889-20921 SimpleLspClient         com.wuxianggujun.tinaide             D  Sending: {"jsonrpc":"2.0","method":"textDocument/didChange","params":{"textDocument":{"uri":"file:///storage/emulated/0/TinaIDE/Projects/1111/main.cpp","version":10},"contentChanges":[{"text":"#include <iostream>\n\nint main() {\n    std::cout << \"Hello, 1111!\" << std::endl;\n\tstd::strin\n    return 0;\n}"}]}}
2025-12-08 07:09:37.028 20889-21072 CppNativeCompletion     com.wuxianggujun.tinaide             D  Completion request -> file=/storage/emulated/0/TinaIDE/Projects/1111/main.cpp line=4 col=12 key=/storage/emulated/0/TinaIDE/Projects/1111/main.cpp:4:12 scopePrefix='std::' filterPrefix='string' hasTrigger=true replacementLen=6
2025-12-08 07:09:37.039 20889-21072 CppNativeCompletion     com.wuxianggujun.tinaide             D  Completion result [cache] -> file=/storage/emulated/0/TinaIDE/Projects/1111/main.cpp line=4 col=12 items=6 preview=string, string_view, stringbuf, stringstream, string_literals
2025-12-08 07:09:37.060 20889-20889 AndroidRuntime          com.wuxianggujun.tinaide             D  Shutting down VM
2025-12-08 07:09:37.062 20889-20889 AndroidRuntime          com.wuxianggujun.tinaide             E  FATAL EXCEPTION: main
                                                                                                    Process: com.wuxianggujun.tinaide, PID: 20889
                                                                                                    java.lang.IndexOutOfBoundsException: setSpan (10 ... 6) has end before start
                                                                                                    	at android.text.SpannableStringInternal.checkRange(SpannableStringInternal.java:464)
                                                                                                    	at android.text.SpannableStringInternal.setSpan(SpannableStringInternal.java:189)
                                                                                                    	at android.text.SpannableStringInternal.setSpan(SpannableStringInternal.java:178)
                                                                                                    	at android.text.SpannableString.setSpan(SpannableString.java:60)
                                                                                                    	at io.github.rosemoe.sora.lang.completion.Comparators.highlightMatchLabel(comparators.kt:290)
                                                                                                    	at io.github.rosemoe.sora.widget.component.EditorAutoCompletion.lambda$requireCompletion$6(EditorAutoCompletion.java:560)
                                                                                                    	at io.github.rosemoe.sora.widget.component.EditorAutoCompletion.$r8$lambda$Y_ka4KkcIzzn9ZdjGBNKy7ireoc(Unknown Source:0)
                                                                                                    	at io.github.rosemoe.sora.widget.component.EditorAutoCompletion$$ExternalSyntheticLambda5.run(D8$$SyntheticClass:0)
                                                                                                    	at io.github.rosemoe.sora.lang.completion.CompletionPublisher.lambda$updateList$1(CompletionPublisher.java:254)
                                                                                                    	at io.github.rosemoe.sora.lang.completion.CompletionPublisher.$r8$lambda$5EQJVigGWFv9uD2ZsnuFMx3kBCo(Unknown Source:0)
                                                                                                    	at io.github.rosemoe.sora.lang.completion.CompletionPublisher$$ExternalSyntheticLambda1.run(D8$$SyntheticClass:0)
                                                                                                    	at android.os.Handler.handleCallback(Handler.java:873)
                                                                                                    	at android.os.Handler.dispatchMessage(Handler.java:99)
                                                                                                    	at android.os.Looper.loop(Looper.java:193)
                                                                                                    	at android.app.ActivityThread.main(ActivityThread.java:6669)
                                                                                                    	at java.lang.reflect.Method.invoke(Native Method)
                                                                                                    	at com.android.internal.os.RuntimeInit$MethodAndArgsCaller.run(RuntimeInit.java:493)
                                                                                                    	at com.android.internal.os.ZygoteInit.main(ZygoteInit.java:858)
2025-12-08 07:09:37.089   435-29489 ActivityManager         system_server                        W    Force finishing activity com.wuxianggujun.tinaide/.MainActivity
2025-12-08 07:09:37.092 20889-20889 Process                 com.wuxianggujun.tinaide             I  Sending signal. PID: 20889 SIG: 9
2025-12-08 07:09:37.123   941-941   xytools                 com.android.tools                    E  crash_event: TinaIDE, com.wuxianggujun.tinaide, 1.0, crashTypecrash
2025-12-08 07:09:37.134   435-530   InputDispatcher         system_server                        W  channel '27a008 com.wuxianggujun.tinaide/com.wuxianggujun.tinaide.MainActivity (server)' ~ Consumer closed input channel or an error occurred.  events=0x9
2025-12-08 07:09:37.134   435-530   InputDispatcher         system_server                        E  channel '27a008 com.wuxianggujun.tinaide/com.wuxianggujun.tinaide.MainActivity (server)' ~ Channel is unrecoverably broken and will be disposed!
2025-12-08 07:09:37.143   435-530   InputDispatcher         system_server                        W  channel 'd7fd3bb com.wuxianggujun.tinaide/com.wuxianggujun.tinaide.ui.ProjectManagerActivity (server)' ~ Consumer closed input channel or an error occurred.  events=0x9
---------------------------- PROCESS ENDED (20889) for package com.wuxianggujun.tinaide ----------------------------
2025-12-08 07:09:37.143   435-530   InputDispatcher         system_server                        E  channel 'd7fd3bb com.wuxianggujun.tinaide/com.wuxianggujun.tinaide.ui.ProjectManagerActivity (server)' ~ Channel is unrecoverably broken and will be disposed!
2025-12-08 07:09:37.158   435-29489 WindowManager           system_server                        I  WIN DEATH: Window{27a008 u0 com.wuxianggujun.tinaide/com.wuxianggujun.tinaide.MainActivity}
2025-12-08 07:09:37.159   435-29489 InputDispatcher         system_server                        W  Attempted to unregister already unregistered input channel '27a008 com.wuxianggujun.tinaide/com.wuxianggujun.tinaide.MainActivity (server)'
2025-12-08 07:09:37.160   435-1781  ActivityManager         system_server                        I  Process com.wuxianggujun.tinaide (pid 20889) has died: fore TOP
2025-12-08 07:09:37.161   435-448   WindowManager           system_server                        I  WIN DEATH: Window{d7fd3bb u0 com.wuxianggujun.tinaide/com.wuxianggujun.tinaide.ui.ProjectManagerActivity}
2025-12-08 07:09:37.162   435-448   InputDispatcher         system_server                        W  Attempted to unregister already unregistered input channel 'd7fd3bb com.wuxianggujun.tinaide/com.wuxianggujun.tinaide.ui.ProjectManagerActivity (server)'
2025-12-08 07:09:37.170   175-524   SurfaceFlinger          surfaceflinger                       W  Attempting to set client state on removed layer: com.wuxianggujun.tinaide/com.wuxianggujun.tinaide.MainActivity#0
2025-12-08 07:09:37.170   175-524   SurfaceFlinger          surfaceflinger                       W  Attempting to destroy on removed layer: com.wuxianggujun.tinaide/com.wuxianggujun.tinaide.MainActivity#0
2025-12-08 07:09:37.183   435-456   ActivityManager         system_server                        I  Start proc 21087:com.wuxianggujun.tinaide/u0a69 for activity com.wuxianggujun.tinaide/.ui.ProjectManagerActivity
2025-12-08 07:09:37.488 21087-21116 LogcatMonitor           pid-21087                            I  Starting logcat monitor for package: com.wuxianggujun.tinaide
2025-12-08 07:09:37.501 21087-21087 SysrootLibraryLoader    pid-21087                            I  Loaded library: /data/data/com.wuxianggujun.tinaide/files/sysroot/usr/lib/x86_64-linux-android/runtime/libc++_shared.so
---------------------------- PROCESS STARTED (21087) for package com.wuxianggujun.tinaide ----------------------------
