2025-12-07 03:28:34.256   435-448   ActivityManager         system_server                        I  START u0 {cmp=com.wuxianggujun.tinaide/.MainActivity} from uid 10069
2025-12-07 03:28:34.263 27672-27672 ActivityThread          com.wuxianggujun.tinaide             W  handleWindowVisibility: no activity for token android.os.BinderProxy@7595015
2025-12-07 03:28:34.332 27672-27672 Lifecycle               com.wuxianggujun.tinaide             D  MainActivity created
2025-12-07 03:28:34.374 27672-27672 MainActivity            com.wuxianggujun.tinaide             D  Project name updated to: 1111
2025-12-07 03:28:34.436 27672-27689 nggujun.tinaid          com.wuxianggujun.tinaide             I  Compiler allocated 4MB to compile void android.widget.TextView.<init>(android.content.Context, android.util.AttributeSet, int, int)
2025-12-07 03:28:34.533 27672-27672 nggujun.tinaid          com.wuxianggujun.tinaide             W  Accessing hidden method Landroid/view/View;->getAccessibilityDelegate()Landroid/view/View$AccessibilityDelegate; (light greylist, linking)
2025-12-07 03:28:34.553 27672-27672 SimpleLspService        com.wuxianggujun.tinaide             I  Native library loaded
2025-12-07 03:28:34.557 27672-27672 MainActivity            com.wuxianggujun.tinaide             D  Project name updated to: 1111
2025-12-07 03:28:34.564 27672-27672 TabLayout               com.wuxianggujun.tinaide             W  MODE_SCROLLABLE + GRAVITY_FILL is not supported, GRAVITY_START will be used instead
2025-12-07 03:28:34.611 27672-27672 Lifecycle               com.wuxianggujun.tinaide             D  EditorContainerFragment view created
2025-12-07 03:28:34.626 27672-27672 Lifecycle               com.wuxianggujun.tinaide             D  FileTreeFragment view created
2025-12-07 03:28:34.703 27672-27732 EGL_adreno              com.wuxianggujun.tinaide             E  [getAttribValue] Bad attribute idx
2025-12-07 03:28:34.703 27672-27732 EGL_adreno              com.wuxianggujun.tinaide             D  eglGetConfigAttrib: bad attrib 0x3339
2025-12-07 03:28:34.745 27672-27732 EGL_adreno              com.wuxianggujun.tinaide             E  tid 27732: eglSurfaceAttrib(1615): error 0x3009 (EGL_BAD_MATCH)
2025-12-07 03:28:34.745 27672-27732 OpenGLRenderer          com.wuxianggujun.tinaide             W  Failed to set EGL_SWAP_BEHAVIOR on surface 0x7f0c63fbc980, error=EGL_BAD_MATCH
2025-12-07 03:28:34.852   435-462   ActivityManager         system_server                        I  Displayed com.wuxianggujun.tinaide/.MainActivity: +589ms
2025-12-07 03:28:42.454 27672-27672 EditorContainer         com.wuxianggujun.tinaide             D  Opening file: /storage/emulated/0/TinaIDE/Projects/1111/main.cpp
2025-12-07 03:28:42.455 27672-27672 EditorManager           com.wuxianggujun.tinaide             D  Created tab for file: /storage/emulated/0/TinaIDE/Projects/1111/main.cpp, tab id: 1934016e-0a93-4562-b06a-d74d633c29b5
2025-12-07 03:28:42.455 27672-27672 EditorContainer         com.wuxianggujun.tinaide             D  Created new tab: 1934016e-0a93-4562-b06a-d74d633c29b5
2025-12-07 03:28:42.460 27672-27672 EditorContainer         com.wuxianggujun.tinaide             D  Tab added, total tabs: 1
2025-12-07 03:28:42.460 27672-27672 EditorContainer         com.wuxianggujun.tinaide             D  TabLayout visibility: VISIBLE
2025-12-07 03:28:42.471 27672-27672 EditorTabAdapter        com.wuxianggujun.tinaide             D  Creating fragment for position 0, file: /storage/emulated/0/TinaIDE/Projects/1111/main.cpp
2025-12-07 03:28:42.481 27672-27672 CodeEditor              com.wuxianggujun.tinaide             V  sora-editor
                                                                                                    Copyright (C) Rosemoe roses2020@qq.com
                                                                                                    This project is distributed under the LGPL v2.1 license
2025-12-07 03:28:42.490 27672-27672 nggujun.tinaid          com.wuxianggujun.tinaide             W  Accessing hidden method Landroid/graphics/Paint;->getTextRunAdvances([CIIIIZ[FI)F (light greylist, linking)
2025-12-07 03:28:42.715 27672-27672 Lifecycle               com.wuxianggujun.tinaide             D  EditorFragment view created
2025-12-07 03:28:42.719 27672-27672 EditorFragment          com.wuxianggujun.tinaide             D  Loading file: /storage/emulated/0/TinaIDE/Projects/1111/main.cpp, content length: 95
2025-12-07 03:28:42.858 27672-27672 EditorFragment          com.wuxianggujun.tinaide             I  Applied Tree-sitter language for: /storage/emulated/0/TinaIDE/Projects/1111/main.cpp
2025-12-07 03:28:42.860 27672-27672 EditorFragment          com.wuxianggujun.tinaide             D  compile_commands.json already exists at /storage/emulated/0/TinaIDE/Projects/1111/build/debug/compile_commands.json
2025-12-07 03:28:42.862 27672-27672 NativeLspBinResolver    com.wuxianggujun.tinaide             I  Resolved clangd binary for ABI=x86_64 at /data/user/0/com.wuxianggujun.tinaide/files/sysroot/usr/lib/x86_64-linux-android/runtime/libclangd.so
2025-12-07 03:28:42.862 27672-27672 SimpleLspService        com.wuxianggujun.tinaide             I  Configured clangd: /data/user/0/com.wuxianggujun.tinaide/files/sysroot/usr/lib/x86_64-linux-android/runtime/libclangd.so
2025-12-07 03:28:42.862 27672-27715 NativeLspDocBridge      com.wuxianggujun.tinaide             I  LSP initializing: clangd=/data/user/0/com.wuxianggujun.tinaide/files/sysroot/usr/lib/x86_64-linux-android/runtime/libclangd.so, workDir=/storage/emulated/0/TinaIDE/Projects/1111
2025-12-07 03:28:42.862 27672-27715 SimpleLspService        com.wuxianggujun.tinaide             I  Initializing: clangdPath=/data/user/0/com.wuxianggujun.tinaide/files/sysroot/usr/lib/x86_64-linux-android/runtime/libclangd.so, workDir=/storage/emulated/0/TinaIDE/Projects/1111
2025-12-07 03:28:42.862 27672-27715 SimpleLspJNI            com.wuxianggujun.tinaide             D  SimpleLspService.nativeInitialize called
2025-12-07 03:28:42.862 27672-27715 SimpleLspClient         com.wuxianggujun.tinaide             I  SimpleLspClient initializing...
2025-12-07 03:28:42.862 27672-27715 SimpleLspClient         com.wuxianggujun.tinaide             I  clangd_path: /data/user/0/com.wuxianggujun.tinaide/files/sysroot/usr/lib/x86_64-linux-android/runtime/libclangd.so
2025-12-07 03:28:42.862 27672-27715 SimpleLspClient         com.wuxianggujun.tinaide             I  work_dir: /storage/emulated/0/TinaIDE/Projects/1111
2025-12-07 03:28:42.862 27672-27715 TinaIDE                 com.wuxianggujun.tinaide             I  startClangd: preloading dependencies from: /data/user/0/com.wuxianggujun.tinaide/files/sysroot/usr/lib/x86_64-linux-android/runtime
2025-12-07 03:28:42.864 27672-27715 TinaIDE                 com.wuxianggujun.tinaide             I  Preloaded LLVM library: /data/user/0/com.wuxianggujun.tinaide/files/sysroot/usr/lib/x86_64-linux-android/runtime/libLLVM-17.so
2025-12-07 03:28:42.865 27672-27715 TinaIDE                 com.wuxianggujun.tinaide             I  Preloaded libclang-cpp.so
2025-12-07 03:28:42.865 27672-27715 TinaIDE                 com.wuxianggujun.tinaide             I  Preloaded libc++_shared.so
2025-12-07 03:28:42.865 27672-27715 TinaIDE                 com.wuxianggujun.tinaide             I  startClangd: loading libclangd.so from: /data/user/0/com.wuxianggujun.tinaide/files/sysroot/usr/lib/x86_64-linux-android/runtime/libclangd.so
2025-12-07 03:28:43.094 27672-27715 TinaIDE                 com.wuxianggujun.tinaide             I  startClangd: libclangd.so loaded successfully
2025-12-07 03:28:43.094 27672-27715 TinaIDE                 com.wuxianggujun.tinaide             I  startClangd: found symbols - clangd_main=0x7f0c47823f40, clangd_run=0x7f0c47823f70
2025-12-07 03:28:43.094 27672-27715 TinaIDE                 com.wuxianggujun.tinaide             I  startClangd: detected sysroot at /data/user/0/com.wuxianggujun.tinaide/files/sysroot
2025-12-07 03:28:43.094 27672-27715 TinaIDE                 com.wuxianggujun.tinaide             I  startClangd: using clang resource dir /data/user/0/com.wuxianggujun.tinaide/files/sysroot/lib/clang/17
2025-12-07 03:28:43.095 27672-27715 TinaIDE                 com.wuxianggujun.tinaide             I  startClangd: clangd thread started
2025-12-07 03:28:43.095 27672-28107 TinaIDE                 com.wuxianggujun.tinaide             I  clangd_thread: starting clangd
2025-12-07 03:28:43.595 27672-27715 SimpleLspClient         com.wuxianggujun.tinaide             D  Performing LSP initialize handshake...
2025-12-07 03:28:43.595 27672-28110 SimpleLspClient         com.wuxianggujun.tinaide             I  Reader thread started
2025-12-07 03:28:43.596 27672-27715 SimpleLspClient         com.wuxianggujun.tinaide             D  Sending: {"jsonrpc":"2.0","id":1,"method":"initialize","params":{"processId":27672,"rootUri":"file:///storage/emulated/0/TinaIDE/Projects/1111","capabilities":{"textDocument":{"completion":{"completionItem":{"snippetSupport":false}},"hover":{"contentFormat":["plaintext"]},"definition":{"linkSupport":false},"references":{},"publishDiagnostics":{"relatedInformation":true}}}}}
2025-12-07 03:28:43.599 27672-28110 SimpleLspClient         com.wuxianggujun.tinaide             D  Reader: received 2048 bytes, buffer now 2048 bytes
2025-12-07 03:28:43.599 27672-28110 SimpleLspClient         com.wuxianggujun.tinaide             D  Received: {"id":1,"jsonrpc":"2.0","result":{"capabilities":{"astProvider":true,"callHierarchyProvider":true,"clangdInlayHintsProvider":true,"codeActionProvider":true,"compilationDatabase":{"automaticReload":true},"completionProvider":{"resolveProvider":false,"triggerCharacters":[".","<",">",":","\"","/","*"]},"declarationProvider":true,"definitionProvider":true,"documentFormattingProvider":true,"documentHighlightProvider":true,"documentLinkProvider":{"resolveProvider":false},"documentOnTypeFormattingProvi
2025-12-07 03:28:43.599 27672-28110 SimpleLspClient         com.wuxianggujun.tinaide             D  Response stored for request 1
2025-12-07 03:28:43.696 27672-27715 SimpleLspClient         com.wuxianggujun.tinaide             D  Initialize response received
2025-12-07 03:28:43.696 27672-27715 SimpleLspClient         com.wuxianggujun.tinaide             D  Sending: {"jsonrpc":"2.0","method":"initialized","params":{}}
2025-12-07 03:28:43.696 27672-27715 SimpleLspClient         com.wuxianggujun.tinaide             I  SimpleLspClient initialized successfully
2025-12-07 03:28:43.696 27672-27715 SimpleLspJNI            com.wuxianggujun.tinaide             D  SimpleLspService.nativeInitialize: success=1
2025-12-07 03:28:43.696 27672-27715 NativeLspDocBridge      com.wuxianggujun.tinaide             I  LSP initialized successfully
2025-12-07 03:28:43.697 27672-27715 NativeLspDocBridge      com.wuxianggujun.tinaide             D  Document opened: file:///storage/emulated/0/TinaIDE/Projects/1111/main.cpp
2025-12-07 03:28:43.698 27672-27714 SimpleLspClient         com.wuxianggujun.tinaide             D  didOpen: file:///storage/emulated/0/TinaIDE/Projects/1111/main.cpp
2025-12-07 03:28:43.698 27672-27714 SimpleLspClient         com.wuxianggujun.tinaide             D  Sending: {"jsonrpc":"2.0","method":"textDocument/didOpen","params":{"textDocument":{"uri":"file:///storage/emulated/0/TinaIDE/Projects/1111/main.cpp","languageId":"cpp","version":1,"text":"#include <iostream>\n\nint main() {\n    std::cout << \"Hello, 1111!\" << std::endl;\n    return 0;\n}"}}}
2025-12-07 03:28:43.698 27672-27715 NativeLspDocBridge      com.wuxianggujun.tinaide             I  Native LSP synced document: /storage/emulated/0/TinaIDE/Projects/1111/main.cpp
2025-12-07 03:28:43.832 27672-28110 SimpleLspClient         com.wuxianggujun.tinaide             D  Reader: received 796 bytes, buffer now 796 bytes
2025-12-07 03:28:43.832 27672-28110 SimpleLspClient         com.wuxianggujun.tinaide             D  Received: {"jsonrpc":"2.0","method":"textDocument/publishDiagnostics","params":{"diagnostics":[{"code":"pp_file_not_found","message":"'iostream' file not found","range":{"end":{"character":19,"line":0},"start":{"character":9,"line":0}},"relatedInformation":[],"severity":1,"source":"clang"},{"code":"undeclared_var_use","message":"Use of undeclared identifier 'std'","range":{"end":{"character":7,"line":3},"start":{"character":4,"line":3}},"relatedInformation":[],"severity":1,"source":"clang"},{"code":"undec
2025-12-07 03:28:43.832 27672-28110 SimpleLspClient         com.wuxianggujun.tinaide             D  Received diagnostics notification
2025-12-07 03:28:48.566 27672-27715 SimpleLspClient         com.wuxianggujun.tinaide             D  requestHover: id=2, file=file:///storage/emulated/0/TinaIDE/Projects/1111/main.cpp, line=3, char=45
2025-12-07 03:28:48.566 27672-27715 SimpleLspClient         com.wuxianggujun.tinaide             D  Sending: {"jsonrpc":"2.0","id":2,"method":"textDocument/hover","params":{"textDocument":{"uri":"file:///storage/emulated/0/TinaIDE/Projects/1111/main.cpp"},"position":{"line":3,"character":45}}}
2025-12-07 03:28:48.571 27672-28110 SimpleLspClient         com.wuxianggujun.tinaide             D  Reader: received 60 bytes, buffer now 60 bytes
2025-12-07 03:28:48.571 27672-28110 SimpleLspClient         com.wuxianggujun.tinaide             D  Received: {"id":2,"jsonrpc":"2.0","result":null}
2025-12-07 03:28:48.571 27672-28110 SimpleLspClient         com.wuxianggujun.tinaide             D  Response stored for request 2
2025-12-07 03:28:48.577 27672-27715 SimpleLspClient         com.wuxianggujun.tinaide             D  getResult: returning result for request 2, pending_requests size=0
2025-12-07 03:28:48.578 27672-27672 NativeLspRequestBridge  com.wuxianggujun.tinaide             D  Hover result is null for key=file:///storage/emulated/0/TinaIDE/Projects/1111/main.cpp
2025-12-07 03:28:49.540 27672-27717 SimpleLspClient         com.wuxianggujun.tinaide             D  requestHover: id=3, file=file:///storage/emulated/0/TinaIDE/Projects/1111/main.cpp, line=4, char=1
2025-12-07 03:28:49.540 27672-27717 SimpleLspClient         com.wuxianggujun.tinaide             D  Sending: {"jsonrpc":"2.0","id":3,"method":"textDocument/hover","params":{"textDocument":{"uri":"file:///storage/emulated/0/TinaIDE/Projects/1111/main.cpp"},"position":{"line":4,"character":1}}}
2025-12-07 03:28:49.542 27672-28110 SimpleLspClient         com.wuxianggujun.tinaide             D  Reader: received 60 bytes, buffer now 60 bytes
2025-12-07 03:28:49.542 27672-28110 SimpleLspClient         com.wuxianggujun.tinaide             D  Received: {"id":3,"jsonrpc":"2.0","result":null}
2025-12-07 03:28:49.542 27672-28110 SimpleLspClient         com.wuxianggujun.tinaide             D  Response stored for request 3
2025-12-07 03:28:49.551 27672-27717 SimpleLspClient         com.wuxianggujun.tinaide             D  getResult: returning result for request 3, pending_requests size=0
2025-12-07 03:28:49.556 27672-27672 NativeLspRequestBridge  com.wuxianggujun.tinaide             D  Hover result is null for key=file:///storage/emulated/0/TinaIDE/Projects/1111/main.cpp
2025-12-07 03:28:49.807 27672-27715 SimpleLspClient         com.wuxianggujun.tinaide             D  requestHover: id=4, file=file:///storage/emulated/0/TinaIDE/Projects/1111/main.cpp, line=4, char=2
2025-12-07 03:28:49.807 27672-28142 CppNativeCompletion     com.wuxianggujun.tinaide             D  Completion request -> file=/storage/emulated/0/TinaIDE/Projects/1111/main.cpp line=4 col=2 key=/storage/emulated/0/TinaIDE/Projects/1111/main.cpp:4:2 prefix=''
2025-12-07 03:28:49.807 27672-27715 SimpleLspClient         com.wuxianggujun.tinaide             D  Sending: {"jsonrpc":"2.0","id":4,"method":"textDocument/hover","params":{"textDocument":{"uri":"file:///storage/emulated/0/TinaIDE/Projects/1111/main.cpp"},"position":{"line":4,"character":2}}}
2025-12-07 03:28:49.808 27672-28110 SimpleLspClient         com.wuxianggujun.tinaide             D  Reader: received 60 bytes, buffer now 60 bytes
2025-12-07 03:28:49.808 27672-28110 SimpleLspClient         com.wuxianggujun.tinaide             D  Received: {"id":4,"jsonrpc":"2.0","result":null}
2025-12-07 03:28:49.808 27672-28110 SimpleLspClient         com.wuxianggujun.tinaide             D  Response stored for request 4
2025-12-07 03:28:49.808 27672-27715 NativeLspDocBridge      com.wuxianggujun.tinaide             D  Document changed: file:///storage/emulated/0/TinaIDE/Projects/1111/main.cpp, version=2
2025-12-07 03:28:49.809 27672-27715 SimpleLspClient         com.wuxianggujun.tinaide             D  didChange: file:///storage/emulated/0/TinaIDE/Projects/1111/main.cpp, version=2
2025-12-07 03:28:49.809 27672-27715 SimpleLspClient         com.wuxianggujun.tinaide             D  Sending: {"jsonrpc":"2.0","method":"textDocument/didChange","params":{"textDocument":{"uri":"file:///storage/emulated/0/TinaIDE/Projects/1111/main.cpp","version":2},"contentChanges":[{"text":"#include <iostream>\n\nint main() {\n    std::cout << \"Hello, 1111!\" << std::endl;\n\ts\n    return 0;\n}"}]}}
2025-12-07 03:28:49.817 27672-27715 SimpleLspClient         com.wuxianggujun.tinaide             D  getResult: returning result for request 4, pending_requests size=0
2025-12-07 03:28:49.822 27672-27672 NativeLspRequestBridge  com.wuxianggujun.tinaide             D  Hover result is null for key=file:///storage/emulated/0/TinaIDE/Projects/1111/main.cpp
2025-12-07 03:28:49.860 27672-27715 SimpleLspClient         com.wuxianggujun.tinaide             D  requestCompletion: id=5, file=file:///storage/emulated/0/TinaIDE/Projects/1111/main.cpp, line=4, char=2
2025-12-07 03:28:49.860 27672-27715 SimpleLspClient         com.wuxianggujun.tinaide             D  Sending: {"jsonrpc":"2.0","id":5,"method":"textDocument/completion","params":{"textDocument":{"uri":"file:///storage/emulated/0/TinaIDE/Projects/1111/main.cpp"},"position":{"line":4,"character":2},"context":{"triggerKind":1}}}
2025-12-07 03:28:49.860 27672-27715 SimpleLspService        com.wuxianggujun.tinaide             D  Completion request: id=5
2025-12-07 03:28:49.869 27672-28110 SimpleLspClient         com.wuxianggujun.tinaide             D  Reader: received 999 bytes, buffer now 999 bytes
2025-12-07 03:28:49.869 27672-28110 SimpleLspClient         com.wuxianggujun.tinaide             D  Received: {"jsonrpc":"2.0","method":"textDocument/publishDiagnostics","params":{"diagnostics":[{"code":"pp_file_not_found","message":"'iostream' file not found","range":{"end":{"character":19,"line":0},"start":{"character":9,"line":0}},"relatedInformation":[],"severity":1,"source":"clang"},{"code":"undeclared_var_use","message":"Use of undeclared identifier 'std'","range":{"end":{"character":7,"line":3},"start":{"character":4,"line":3}},"relatedInformation":[],"severity":1,"source":"clang"},{"code":"undec
2025-12-07 03:28:49.869 27672-28110 SimpleLspClient         com.wuxianggujun.tinaide             D  Received diagnostics notification
2025-12-07 03:28:49.876 27672-28110 SimpleLspClient         com.wuxianggujun.tinaide             D  Reader: received 2320 bytes, buffer now 2320 bytes
2025-12-07 03:28:49.876 27672-28110 SimpleLspClient         com.wuxianggujun.tinaide             D  Received: {"id":5,"jsonrpc":"2.0","result":{"isIncomplete":false,"items":[{"filterText":"short","insertText":"short","insertTextFormat":1,"kind":14,"label":" short","score":0.8373723030090332,"sortText":"40a9a1f8short","textEdit":{"newText":"short","range":{"end":{"character":2,"line":4},"start":{"character":1,"line":4}}}},{"filterText":"signed","insertText":"signed","insertTextFormat":1,"kind":14,"label":" signed","score":0.8373723030090332,"sortText":"40a9a1f8signed","textEdit":{"newText":"signed","rang
2025-12-07 03:28:49.876 27672-28110 SimpleLspClient         com.wuxianggujun.tinaide             D  Response stored for request 5
2025-12-07 03:28:49.885 27672-27715 SimpleLspClient         com.wuxianggujun.tinaide             D  getResult: returning result for request 5, pending_requests size=0
2025-12-07 03:28:49.891 27672-27672 NativeLspRequestBridge  com.wuxianggujun.tinaide             D  Completion result ready for key=file:///storage/emulated/0/TinaIDE/Projects/1111/main.cpp
2025-12-07 03:28:49.893 27672-27672 CppNativeCompletion     com.wuxianggujun.tinaide             D  Completion result -> file=/storage/emulated/0/TinaIDE/Projects/1111/main.cpp line=4 col=2 items=8 preview= short,  signed,  sizeof(expression-or-type),  sizeof...(parameter-pack),  static
2025-12-07 03:28:49.908 27672-27672 nggujun.tinaid          com.wuxianggujun.tinaide             W  Accessing hidden method Landroid/text/SpannableStringInternal;->length()I (light greylist, linking)
2025-12-07 03:28:50.024 27672-27732 EGL_adreno              com.wuxianggujun.tinaide             E  [getAttribValue] Bad attribute idx
2025-12-07 03:28:50.024 27672-27732 EGL_adreno              com.wuxianggujun.tinaide             D  eglGetConfigAttrib: bad attrib 0x3339
2025-12-07 03:28:50.055 27672-27732 EGL_adreno              com.wuxianggujun.tinaide             E  tid 27732: eglSurfaceAttrib(1615): error 0x3009 (EGL_BAD_MATCH)
2025-12-07 03:28:50.055 27672-27732 OpenGLRenderer          com.wuxianggujun.tinaide             W  Failed to set EGL_SWAP_BEHAVIOR on surface 0x7f0c564a3500, error=EGL_BAD_MATCH
2025-12-07 03:28:50.507 27672-27715 SimpleLspClient         com.wuxianggujun.tinaide             D  requestHover: id=6, file=file:///storage/emulated/0/TinaIDE/Projects/1111/main.cpp, line=4, char=1
2025-12-07 03:28:50.507 27672-28144 CppNativeCompletion     com.wuxianggujun.tinaide             D  Completion request -> file=/storage/emulated/0/TinaIDE/Projects/1111/main.cpp line=4 col=1 key=/storage/emulated/0/TinaIDE/Projects/1111/main.cpp:4:1 prefix=''
2025-12-07 03:28:50.507 27672-28144 CppNativeCompletion     com.wuxianggujun.tinaide             D  Empty prefix, skip completion for key=/storage/emulated/0/TinaIDE/Projects/1111/main.cpp:4:1
2025-12-07 03:28:50.507 27672-27715 SimpleLspClient         com.wuxianggujun.tinaide             D  Sending: {"jsonrpc":"2.0","id":6,"method":"textDocument/hover","params":{"textDocument":{"uri":"file:///storage/emulated/0/TinaIDE/Projects/1111/main.cpp"},"position":{"line":4,"character":1}}}
2025-12-07 03:28:50.509 27672-28110 SimpleLspClient         com.wuxianggujun.tinaide             D  Reader: received 60 bytes, buffer now 60 bytes
2025-12-07 03:28:50.509 27672-28110 SimpleLspClient         com.wuxianggujun.tinaide             D  Received: {"id":6,"jsonrpc":"2.0","result":null}
2025-12-07 03:28:50.509 27672-28110 SimpleLspClient         com.wuxianggujun.tinaide             D  Response stored for request 6
2025-12-07 03:28:50.518 27672-27715 SimpleLspClient         com.wuxianggujun.tinaide             D  getResult: returning result for request 6, pending_requests size=0
2025-12-07 03:28:50.535 27672-27672 NativeLspRequestBridge  com.wuxianggujun.tinaide             D  Hover result is null for key=file:///storage/emulated/0/TinaIDE/Projects/1111/main.cpp
2025-12-07 03:28:50.807 27672-27716 NativeLspDocBridge      com.wuxianggujun.tinaide             D  Document changed: file:///storage/emulated/0/TinaIDE/Projects/1111/main.cpp, version=3
2025-12-07 03:28:50.808 27672-27716 SimpleLspClient         com.wuxianggujun.tinaide             D  didChange: file:///storage/emulated/0/TinaIDE/Projects/1111/main.cpp, version=3
2025-12-07 03:28:50.808 27672-27716 SimpleLspClient         com.wuxianggujun.tinaide             D  Sending: {"jsonrpc":"2.0","method":"textDocument/didChange","params":{"textDocument":{"uri":"file:///storage/emulated/0/TinaIDE/Projects/1111/main.cpp","version":3},"contentChanges":[{"text":"#include <iostream>\n\nint main() {\n    std::cout << \"Hello, 1111!\" << std::endl;\n\t\n    return 0;\n}"}]}}
2025-12-07 03:28:50.864 27672-28110 SimpleLspClient         com.wuxianggujun.tinaide             D  Reader: received 796 bytes, buffer now 796 bytes
2025-12-07 03:28:50.864 27672-28110 SimpleLspClient         com.wuxianggujun.tinaide             D  Received: {"jsonrpc":"2.0","method":"textDocument/publishDiagnostics","params":{"diagnostics":[{"code":"pp_file_not_found","message":"'iostream' file not found","range":{"end":{"character":19,"line":0},"start":{"character":9,"line":0}},"relatedInformation":[],"severity":1,"source":"clang"},{"code":"undeclared_var_use","message":"Use of undeclared identifier 'std'","range":{"end":{"character":7,"line":3},"start":{"character":4,"line":3}},"relatedInformation":[],"severity":1,"source":"clang"},{"code":"undec
2025-12-07 03:28:50.864 27672-28110 SimpleLspClient         com.wuxianggujun.tinaide             D  Received diagnostics notification
2025-12-07 03:28:51.138 27672-28148 CppNativeCompletion     com.wuxianggujun.tinaide             D  Completion request -> file=/storage/emulated/0/TinaIDE/Projects/1111/main.cpp line=4 col=2 key=/storage/emulated/0/TinaIDE/Projects/1111/main.cpp:4:2 prefix=''
2025-12-07 03:28:51.138 27672-27716 SimpleLspClient         com.wuxianggujun.tinaide             D  requestHover: id=7, file=file:///storage/emulated/0/TinaIDE/Projects/1111/main.cpp, line=4, char=2
2025-12-07 03:28:51.138 27672-27716 SimpleLspClient         com.wuxianggujun.tinaide             D  Sending: {"jsonrpc":"2.0","id":7,"method":"textDocument/hover","params":{"textDocument":{"uri":"file:///storage/emulated/0/TinaIDE/Projects/1111/main.cpp"},"position":{"line":4,"character":2}}}
2025-12-07 03:28:51.138 27672-28148 CppNativeCompletion     com.wuxianggujun.tinaide             D  Filtered completion empty for key=/storage/emulated/0/TinaIDE/Projects/1111/main.cpp:4:2 [cache] prefix='c'
2025-12-07 03:28:51.138 27672-28148 CppNativeCompletion     com.wuxianggujun.tinaide             D  Cache miss after prefix filter for key=/storage/emulated/0/TinaIDE/Projects/1111/main.cpp:4:2, requesting fresh completion
2025-12-07 03:28:51.139 27672-27717 NativeLspDocBridge      com.wuxianggujun.tinaide             D  Document changed: file:///storage/emulated/0/TinaIDE/Projects/1111/main.cpp, version=4
2025-12-07 03:28:51.139 27672-28110 SimpleLspClient         com.wuxianggujun.tinaide             D  Reader: received 60 bytes, buffer now 60 bytes
2025-12-07 03:28:51.139 27672-28110 SimpleLspClient         com.wuxianggujun.tinaide             D  Received: {"id":7,"jsonrpc":"2.0","result":null}
2025-12-07 03:28:51.139 27672-28110 SimpleLspClient         com.wuxianggujun.tinaide             D  Response stored for request 7
2025-12-07 03:28:51.139 27672-27716 SimpleLspClient         com.wuxianggujun.tinaide             D  didChange: file:///storage/emulated/0/TinaIDE/Projects/1111/main.cpp, version=4
2025-12-07 03:28:51.139 27672-27716 SimpleLspClient         com.wuxianggujun.tinaide             D  Sending: {"jsonrpc":"2.0","method":"textDocument/didChange","params":{"textDocument":{"uri":"file:///storage/emulated/0/TinaIDE/Projects/1111/main.cpp","version":4},"contentChanges":[{"text":"#include <iostream>\n\nint main() {\n    std::cout << \"Hello, 1111!\" << std::endl;\n\tc\n    return 0;\n}"}]}}
2025-12-07 03:28:51.149 27672-27716 SimpleLspClient         com.wuxianggujun.tinaide             D  getResult: returning result for request 7, pending_requests size=0
2025-12-07 03:28:51.149 27672-27672 NativeLspRequestBridge  com.wuxianggujun.tinaide             D  Hover result is null for key=file:///storage/emulated/0/TinaIDE/Projects/1111/main.cpp
2025-12-07 03:28:51.189 27672-27716 SimpleLspClient         com.wuxianggujun.tinaide             D  requestCompletion: id=8, file=file:///storage/emulated/0/TinaIDE/Projects/1111/main.cpp, line=4, char=2
2025-12-07 03:28:51.189 27672-27716 SimpleLspClient         com.wuxianggujun.tinaide             D  Sending: {"jsonrpc":"2.0","id":8,"method":"textDocument/completion","params":{"textDocument":{"uri":"file:///storage/emulated/0/TinaIDE/Projects/1111/main.cpp"},"position":{"line":4,"character":2},"context":{"triggerKind":1}}}
2025-12-07 03:28:51.190 27672-27716 SimpleLspService        com.wuxianggujun.tinaide             D  Completion request: id=8
2025-12-07 03:28:51.196 27672-28110 SimpleLspClient         com.wuxianggujun.tinaide             D  Reader: received 2862 bytes, buffer now 2862 bytes
2025-12-07 03:28:51.196 27672-28110 SimpleLspClient         com.wuxianggujun.tinaide             D  Received: {"id":8,"jsonrpc":"2.0","result":{"isIncomplete":false,"items":[{"filterText":"char","insertText":"char","insertTextFormat":1,"kind":14,"label":" char","score":0.8373723030090332,"sortText":"40a9a1f8char","textEdit":{"newText":"char","range":{"end":{"character":2,"line":4},"start":{"character":1,"line":4}}}},{"filterText":"char16_t","insertText":"char16_t","insertTextFormat":1,"kind":14,"label":" char16_t","score":0.8373723030090332,"sortText":"40a9a1f8char16_t","textEdit":{"newText":"char16_t",
2025-12-07 03:28:51.196 27672-28110 SimpleLspClient         com.wuxianggujun.tinaide             D  Response stored for request 8
2025-12-07 03:28:51.197 27672-28110 SimpleLspClient         com.wuxianggujun.tinaide             D  Reader: received 999 bytes, buffer now 999 bytes
2025-12-07 03:28:51.197 27672-28110 SimpleLspClient         com.wuxianggujun.tinaide             D  Received: {"jsonrpc":"2.0","method":"textDocument/publishDiagnostics","params":{"diagnostics":[{"code":"pp_file_not_found","message":"'iostream' file not found","range":{"end":{"character":19,"line":0},"start":{"character":9,"line":0}},"relatedInformation":[],"severity":1,"source":"clang"},{"code":"undeclared_var_use","message":"Use of undeclared identifier 'std'","range":{"end":{"character":7,"line":3},"start":{"character":4,"line":3}},"relatedInformation":[],"severity":1,"source":"clang"},{"code":"undec
2025-12-07 03:28:51.197 27672-28110 SimpleLspClient         com.wuxianggujun.tinaide             D  Received diagnostics notification
2025-12-07 03:28:51.200 27672-27716 SimpleLspClient         com.wuxianggujun.tinaide             D  getResult: returning result for request 8, pending_requests size=0
2025-12-07 03:28:51.204 27672-27672 NativeLspRequestBridge  com.wuxianggujun.tinaide             D  Completion result ready for key=file:///storage/emulated/0/TinaIDE/Projects/1111/main.cpp
2025-12-07 03:28:51.204 27672-27672 CppNativeCompletion     com.wuxianggujun.tinaide             D  Completion result -> file=/storage/emulated/0/TinaIDE/Projects/1111/main.cpp line=4 col=2 items=7 preview= char,  char16_t,  char32_t,  class,  const
2025-12-07 03:28:51.327 27672-27732 EGL_adreno              com.wuxianggujun.tinaide             E  [getAttribValue] Bad attribute idx
2025-12-07 03:28:51.327 27672-27732 EGL_adreno              com.wuxianggujun.tinaide             D  eglGetConfigAttrib: bad attrib 0x3339
2025-12-07 03:28:51.349 27672-27732 EGL_adreno              com.wuxianggujun.tinaide             E  tid 27732: eglSurfaceAttrib(1615): error 0x3009 (EGL_BAD_MATCH)
2025-12-07 03:28:51.349 27672-27732 OpenGLRenderer          com.wuxianggujun.tinaide             W  Failed to set EGL_SWAP_BEHAVIOR on surface 0x7f0c56ae7d00, error=EGL_BAD_MATCH
2025-12-07 03:28:55.411 27672-27714 SimpleLspClient         com.wuxianggujun.tinaide             D  requestHover: id=9, file=file:///storage/emulated/0/TinaIDE/Projects/1111/main.cpp, line=4, char=1
2025-12-07 03:28:55.411 27672-27714 SimpleLspClient         com.wuxianggujun.tinaide             D  Sending: {"jsonrpc":"2.0","id":9,"method":"textDocument/hover","params":{"textDocument":{"uri":"file:///storage/emulated/0/TinaIDE/Projects/1111/main.cpp"},"position":{"line":4,"character":1}}}
2025-12-07 03:28:55.412 27672-28163 CppNativeCompletion     com.wuxianggujun.tinaide             D  Completion request -> file=/storage/emulated/0/TinaIDE/Projects/1111/main.cpp line=4 col=1 key=/storage/emulated/0/TinaIDE/Projects/1111/main.cpp:4:1 prefix=''
2025-12-07 03:28:55.412 27672-28163 CppNativeCompletion     com.wuxianggujun.tinaide             D  Empty prefix, skip completion for key=/storage/emulated/0/TinaIDE/Projects/1111/main.cpp:4:1
2025-12-07 03:28:55.412 27672-28110 SimpleLspClient         com.wuxianggujun.tinaide             D  Reader: received 60 bytes, buffer now 60 bytes
2025-12-07 03:28:55.412 27672-28110 SimpleLspClient         com.wuxianggujun.tinaide             D  Received: {"id":9,"jsonrpc":"2.0","result":null}
2025-12-07 03:28:55.412 27672-28110 SimpleLspClient         com.wuxianggujun.tinaide             D  Response stored for request 9
2025-12-07 03:28:55.422 27672-27714 SimpleLspClient         com.wuxianggujun.tinaide             D  getResult: returning result for request 9, pending_requests size=0
2025-12-07 03:28:55.443 27672-27672 NativeLspRequestBridge  com.wuxianggujun.tinaide             D  Hover result is null for key=file:///storage/emulated/0/TinaIDE/Projects/1111/main.cpp
2025-12-07 03:28:55.711 27672-27714 NativeLspDocBridge      com.wuxianggujun.tinaide             D  Document changed: file:///storage/emulated/0/TinaIDE/Projects/1111/main.cpp, version=5
2025-12-07 03:28:55.711 27672-27714 SimpleLspClient         com.wuxianggujun.tinaide             D  didChange: file:///storage/emulated/0/TinaIDE/Projects/1111/main.cpp, version=5
2025-12-07 03:28:55.711 27672-27714 SimpleLspClient         com.wuxianggujun.tinaide             D  Sending: {"jsonrpc":"2.0","method":"textDocument/didChange","params":{"textDocument":{"uri":"file:///storage/emulated/0/TinaIDE/Projects/1111/main.cpp","version":5},"contentChanges":[{"text":"#include <iostream>\n\nint main() {\n    std::cout << \"Hello, 1111!\" << std::endl;\n\t\n    return 0;\n}"}]}}
2025-12-07 03:28:55.771 27672-28110 SimpleLspClient         com.wuxianggujun.tinaide             D  Reader: received 796 bytes, buffer now 796 bytes
2025-12-07 03:28:55.771 27672-28110 SimpleLspClient         com.wuxianggujun.tinaide             D  Received: {"jsonrpc":"2.0","method":"textDocument/publishDiagnostics","params":{"diagnostics":[{"code":"pp_file_not_found","message":"'iostream' file not found","range":{"end":{"character":19,"line":0},"start":{"character":9,"line":0}},"relatedInformation":[],"severity":1,"source":"clang"},{"code":"undeclared_var_use","message":"Use of undeclared identifier 'std'","range":{"end":{"character":7,"line":3},"start":{"character":4,"line":3}},"relatedInformation":[],"severity":1,"source":"clang"},{"code":"undec
2025-12-07 03:28:55.771 27672-28110 SimpleLspClient         com.wuxianggujun.tinaide             D  Received diagnostics notification
2025-12-07 03:28:56.139 27672-27715 SimpleLspClient         com.wuxianggujun.tinaide             D  requestHover: id=10, file=file:///storage/emulated/0/TinaIDE/Projects/1111/main.cpp, line=4, char=2
2025-12-07 03:28:56.139 27672-27715 SimpleLspClient         com.wuxianggujun.tinaide             D  Sending: {"jsonrpc":"2.0","id":10,"method":"textDocument/hover","params":{"textDocument":{"uri":"file:///storage/emulated/0/TinaIDE/Projects/1111/main.cpp"},"position":{"line":4,"character":2}}}
2025-12-07 03:28:56.140 27672-28168 CppNativeCompletion     com.wuxianggujun.tinaide             D  Completion request -> file=/storage/emulated/0/TinaIDE/Projects/1111/main.cpp line=4 col=2 key=/storage/emulated/0/TinaIDE/Projects/1111/main.cpp:4:2 prefix=''
2025-12-07 03:28:56.140 27672-28168 CppNativeCompletion     com.wuxianggujun.tinaide             D  Filtered completion empty for key=/storage/emulated/0/TinaIDE/Projects/1111/main.cpp:4:2 [cache] prefix='a'
2025-12-07 03:28:56.140 27672-28168 CppNativeCompletion     com.wuxianggujun.tinaide             D  Cache miss after prefix filter for key=/storage/emulated/0/TinaIDE/Projects/1111/main.cpp:4:2, requesting fresh completion
2025-12-07 03:28:56.141 27672-27714 NativeLspDocBridge      com.wuxianggujun.tinaide             D  Document changed: file:///storage/emulated/0/TinaIDE/Projects/1111/main.cpp, version=6
2025-12-07 03:28:56.141 27672-28110 SimpleLspClient         com.wuxianggujun.tinaide             D  Reader: received 61 bytes, buffer now 61 bytes
2025-12-07 03:28:56.141 27672-28110 SimpleLspClient         com.wuxianggujun.tinaide             D  Received: {"id":10,"jsonrpc":"2.0","result":null}
2025-12-07 03:28:56.141 27672-28110 SimpleLspClient         com.wuxianggujun.tinaide             D  Response stored for request 10
2025-12-07 03:28:56.142 27672-27715 SimpleLspClient         com.wuxianggujun.tinaide             D  didChange: file:///storage/emulated/0/TinaIDE/Projects/1111/main.cpp, version=6
2025-12-07 03:28:56.142 27672-27715 SimpleLspClient         com.wuxianggujun.tinaide             D  Sending: {"jsonrpc":"2.0","method":"textDocument/didChange","params":{"textDocument":{"uri":"file:///storage/emulated/0/TinaIDE/Projects/1111/main.cpp","version":6},"contentChanges":[{"text":"#include <iostream>\n\nint main() {\n    std::cout << \"Hello, 1111!\" << std::endl;\n\ta\n    return 0;\n}"}]}}
2025-12-07 03:28:56.150 27672-27715 SimpleLspClient         com.wuxianggujun.tinaide             D  getResult: returning result for request 10, pending_requests size=0
2025-12-07 03:28:56.154 27672-27672 NativeLspRequestBridge  com.wuxianggujun.tinaide             D  Hover result is null for key=file:///storage/emulated/0/TinaIDE/Projects/1111/main.cpp
2025-12-07 03:28:56.192 27672-27715 SimpleLspClient         com.wuxianggujun.tinaide             D  requestCompletion: id=11, file=file:///storage/emulated/0/TinaIDE/Projects/1111/main.cpp, line=4, char=2
2025-12-07 03:28:56.192 27672-27715 SimpleLspClient         com.wuxianggujun.tinaide             D  Sending: {"jsonrpc":"2.0","id":11,"method":"textDocument/completion","params":{"textDocument":{"uri":"file:///storage/emulated/0/TinaIDE/Projects/1111/main.cpp"},"position":{"line":4,"character":2},"context":{"triggerKind":1}}}
2025-12-07 03:28:56.192 27672-27715 SimpleLspService        com.wuxianggujun.tinaide             D  Completion request: id=11
2025-12-07 03:28:56.200 27672-28110 SimpleLspClient         com.wuxianggujun.tinaide             D  Reader: received 1208 bytes, buffer now 1208 bytes
2025-12-07 03:28:56.200 27672-28110 SimpleLspClient         com.wuxianggujun.tinaide             D  Received: {"id":11,"jsonrpc":"2.0","result":{"isIncomplete":false,"items":[{"filterText":"alignas","insertText":"alignas","insertTextFormat":1,"kind":15,"label":" alignas(expression)","score":0.8373723030090332,"sortText":"40a9a1f8alignas","textEdit":{"newText":"alignas","range":{"end":{"character":2,"line":4},"start":{"character":1,"line":4}}}},{"detail":"size_t","filterText":"alignof","insertText":"alignof","insertTextFormat":1,"kind":15,"label":" alignof(type)","score":0.8373723030090332,"sortText":"40
2025-12-07 03:28:56.200 27672-28110 SimpleLspClient         com.wuxianggujun.tinaide             D  Response stored for request 11
2025-12-07 03:28:56.201 27672-28110 SimpleLspClient         com.wuxianggujun.tinaide             D  Reader: received 999 bytes, buffer now 999 bytes
2025-12-07 03:28:56.201 27672-28110 SimpleLspClient         com.wuxianggujun.tinaide             D  Received: {"jsonrpc":"2.0","method":"textDocument/publishDiagnostics","params":{"diagnostics":[{"code":"pp_file_not_found","message":"'iostream' file not found","range":{"end":{"character":19,"line":0},"start":{"character":9,"line":0}},"relatedInformation":[],"severity":1,"source":"clang"},{"code":"undeclared_var_use","message":"Use of undeclared identifier 'std'","range":{"end":{"character":7,"line":3},"start":{"character":4,"line":3}},"relatedInformation":[],"severity":1,"source":"clang"},{"code":"undec
2025-12-07 03:28:56.201 27672-28110 SimpleLspClient         com.wuxianggujun.tinaide             D  Received diagnostics notification
2025-12-07 03:28:56.204 27672-27715 SimpleLspClient         com.wuxianggujun.tinaide             D  getResult: returning result for request 11, pending_requests size=0
2025-12-07 03:28:56.206 27672-27672 NativeLspRequestBridge  com.wuxianggujun.tinaide             D  Completion result ready for key=file:///storage/emulated/0/TinaIDE/Projects/1111/main.cpp
2025-12-07 03:28:56.206 27672-27672 CppNativeCompletion     com.wuxianggujun.tinaide             D  Completion result -> file=/storage/emulated/0/TinaIDE/Projects/1111/main.cpp line=4 col=2 items=3 preview= alignas(expression),  alignof(type),  auto
2025-12-07 03:28:56.342 27672-27732 EGL_adreno              com.wuxianggujun.tinaide             E  [getAttribValue] Bad attribute idx
2025-12-07 03:28:56.342 27672-27732 EGL_adreno              com.wuxianggujun.tinaide             D  eglGetConfigAttrib: bad attrib 0x3339
2025-12-07 03:28:56.368 27672-27732 EGL_adreno              com.wuxianggujun.tinaide             E  tid 27732: eglSurfaceAttrib(1615): error 0x3009 (EGL_BAD_MATCH)
2025-12-07 03:28:56.368 27672-27732 OpenGLRenderer          com.wuxianggujun.tinaide             W  Failed to set EGL_SWAP_BEHAVIOR on surface 0x7f0c56a93b00, error=EGL_BAD_MATCH
2025-12-07 03:28:58.530 27672-28178 CppNativeCompletion     com.wuxianggujun.tinaide             D  Completion request -> file=/storage/emulated/0/TinaIDE/Projects/1111/main.cpp line=4 col=1 key=/storage/emulated/0/TinaIDE/Projects/1111/main.cpp:4:1 prefix=''
2025-12-07 03:28:58.530 27672-27715 SimpleLspClient         com.wuxianggujun.tinaide             D  requestHover: id=12, file=file:///storage/emulated/0/TinaIDE/Projects/1111/main.cpp, line=4, char=1
2025-12-07 03:28:58.530 27672-28178 CppNativeCompletion     com.wuxianggujun.tinaide             D  Empty prefix, skip completion for key=/storage/emulated/0/TinaIDE/Projects/1111/main.cpp:4:1
2025-12-07 03:28:58.530 27672-27715 SimpleLspClient         com.wuxianggujun.tinaide             D  Sending: {"jsonrpc":"2.0","id":12,"method":"textDocument/hover","params":{"textDocument":{"uri":"file:///storage/emulated/0/TinaIDE/Projects/1111/main.cpp"},"position":{"line":4,"character":1}}}
2025-12-07 03:28:58.532 27672-28110 SimpleLspClient         com.wuxianggujun.tinaide             D  Reader: received 61 bytes, buffer now 61 bytes
2025-12-07 03:28:58.532 27672-28110 SimpleLspClient         com.wuxianggujun.tinaide             D  Received: {"id":12,"jsonrpc":"2.0","result":null}
2025-12-07 03:28:58.532 27672-28110 SimpleLspClient         com.wuxianggujun.tinaide             D  Response stored for request 12
2025-12-07 03:28:58.541 27672-27715 SimpleLspClient         com.wuxianggujun.tinaide             D  getResult: returning result for request 12, pending_requests size=0
2025-12-07 03:28:58.554 27672-27672 NativeLspRequestBridge  com.wuxianggujun.tinaide             D  Hover result is null for key=file:///storage/emulated/0/TinaIDE/Projects/1111/main.cpp
2025-12-07 03:28:58.830 27672-27715 NativeLspDocBridge      com.wuxianggujun.tinaide             D  Document changed: file:///storage/emulated/0/TinaIDE/Projects/1111/main.cpp, version=7
2025-12-07 03:28:58.831 27672-27715 SimpleLspClient         com.wuxianggujun.tinaide             D  didChange: file:///storage/emulated/0/TinaIDE/Projects/1111/main.cpp, version=7
2025-12-07 03:28:58.831 27672-27715 SimpleLspClient         com.wuxianggujun.tinaide             D  Sending: {"jsonrpc":"2.0","method":"textDocument/didChange","params":{"textDocument":{"uri":"file:///storage/emulated/0/TinaIDE/Projects/1111/main.cpp","version":7},"contentChanges":[{"text":"#include <iostream>\n\nint main() {\n    std::cout << \"Hello, 1111!\" << std::endl;\n\t\n    return 0;\n}"}]}}
2025-12-07 03:28:58.891 27672-28110 SimpleLspClient         com.wuxianggujun.tinaide             D  Reader: received 796 bytes, buffer now 796 bytes
2025-12-07 03:28:58.891 27672-28110 SimpleLspClient         com.wuxianggujun.tinaide             D  Received: {"jsonrpc":"2.0","method":"textDocument/publishDiagnostics","params":{"diagnostics":[{"code":"pp_file_not_found","message":"'iostream' file not found","range":{"end":{"character":19,"line":0},"start":{"character":9,"line":0}},"relatedInformation":[],"severity":1,"source":"clang"},{"code":"undeclared_var_use","message":"Use of undeclared identifier 'std'","range":{"end":{"character":7,"line":3},"start":{"character":4,"line":3}},"relatedInformation":[],"severity":1,"source":"clang"},{"code":"undec
2025-12-07 03:28:58.891 27672-28110 SimpleLspClient         com.wuxianggujun.tinaide             D  Received diagnostics notification
2025-12-07 03:28:59.488 27672-27714 SimpleLspClient         com.wuxianggujun.tinaide             D  requestHover: id=13, file=file:///storage/emulated/0/TinaIDE/Projects/1111/main.cpp, line=4, char=2
2025-12-07 03:28:59.488 27672-28182 CppNativeCompletion     com.wuxianggujun.tinaide             D  Completion request -> file=/storage/emulated/0/TinaIDE/Projects/1111/main.cpp line=4 col=2 key=/storage/emulated/0/TinaIDE/Projects/1111/main.cpp:4:2 prefix=''
2025-12-07 03:28:59.488 27672-27714 SimpleLspClient         com.wuxianggujun.tinaide             D  Sending: {"jsonrpc":"2.0","id":13,"method":"textDocument/hover","params":{"textDocument":{"uri":"file:///storage/emulated/0/TinaIDE/Projects/1111/main.cpp"},"position":{"line":4,"character":2}}}
2025-12-07 03:28:59.488 27672-28182 CppNativeCompletion     com.wuxianggujun.tinaide             D  Filtered completion empty for key=/storage/emulated/0/TinaIDE/Projects/1111/main.cpp:4:2 [cache] prefix='b'
2025-12-07 03:28:59.488 27672-28182 CppNativeCompletion     com.wuxianggujun.tinaide             D  Cache miss after prefix filter for key=/storage/emulated/0/TinaIDE/Projects/1111/main.cpp:4:2, requesting fresh completion
2025-12-07 03:28:59.489 27672-27715 NativeLspDocBridge      com.wuxianggujun.tinaide             D  Document changed: file:///storage/emulated/0/TinaIDE/Projects/1111/main.cpp, version=8
2025-12-07 03:28:59.489 27672-27715 SimpleLspClient         com.wuxianggujun.tinaide             D  didChange: file:///storage/emulated/0/TinaIDE/Projects/1111/main.cpp, version=8
2025-12-07 03:28:59.489 27672-27715 SimpleLspClient         com.wuxianggujun.tinaide             D  Sending: {"jsonrpc":"2.0","method":"textDocument/didChange","params":{"textDocument":{"uri":"file:///storage/emulated/0/TinaIDE/Projects/1111/main.cpp","version":8},"contentChanges":[{"text":"#include <iostream>\n\nint main() {\n    std::cout << \"Hello, 1111!\" << std::endl;\n\tb\n    return 0;\n}"}]}}
2025-12-07 03:28:59.490 27672-28110 SimpleLspClient         com.wuxianggujun.tinaide             D  Reader: received 61 bytes, buffer now 61 bytes
2025-12-07 03:28:59.490 27672-28110 SimpleLspClient         com.wuxianggujun.tinaide             D  Received: {"id":13,"jsonrpc":"2.0","result":null}
2025-12-07 03:28:59.490 27672-28110 SimpleLspClient         com.wuxianggujun.tinaide             D  Response stored for request 13
2025-12-07 03:28:59.499 27672-27715 SimpleLspClient         com.wuxianggujun.tinaide             D  getResult: returning result for request 13, pending_requests size=0
2025-12-07 03:28:59.499 27672-27672 NativeLspRequestBridge  com.wuxianggujun.tinaide             D  Hover result is null for key=file:///storage/emulated/0/TinaIDE/Projects/1111/main.cpp
2025-12-07 03:28:59.540 27672-27715 SimpleLspClient         com.wuxianggujun.tinaide             D  requestCompletion: id=14, file=file:///storage/emulated/0/TinaIDE/Projects/1111/main.cpp, line=4, char=2
2025-12-07 03:28:59.540 27672-27715 SimpleLspClient         com.wuxianggujun.tinaide             D  Sending: {"jsonrpc":"2.0","id":14,"method":"textDocument/completion","params":{"textDocument":{"uri":"file:///storage/emulated/0/TinaIDE/Projects/1111/main.cpp"},"position":{"line":4,"character":2},"context":{"triggerKind":1}}}
2025-12-07 03:28:59.540 27672-27715 SimpleLspService        com.wuxianggujun.tinaide             D  Completion request: id=14
2025-12-07 03:28:59.544 27672-28110 SimpleLspClient         com.wuxianggujun.tinaide             D  Reader: received 336 bytes, buffer now 336 bytes
2025-12-07 03:28:59.545 27672-28110 SimpleLspClient         com.wuxianggujun.tinaide             D  Received: {"id":14,"jsonrpc":"2.0","result":{"isIncomplete":false,"items":[{"filterText":"bool","insertText":"bool","insertTextFormat":1,"kind":14,"label":" bool","score":0.8373723030090332,"sortText":"40a9a1f8bool","textEdit":{"newText":"bool","range":{"end":{"character":2,"line":4},"start":{"character":1,"line":4}}}}]}}
2025-12-07 03:28:59.545 27672-28110 SimpleLspClient         com.wuxianggujun.tinaide             D  Response stored for request 14
2025-12-07 03:28:59.545 27672-28110 SimpleLspClient         com.wuxianggujun.tinaide             D  Reader: received 999 bytes, buffer now 999 bytes
2025-12-07 03:28:59.545 27672-28110 SimpleLspClient         com.wuxianggujun.tinaide             D  Received: {"jsonrpc":"2.0","method":"textDocument/publishDiagnostics","params":{"diagnostics":[{"code":"pp_file_not_found","message":"'iostream' file not found","range":{"end":{"character":19,"line":0},"start":{"character":9,"line":0}},"relatedInformation":[],"severity":1,"source":"clang"},{"code":"undeclared_var_use","message":"Use of undeclared identifier 'std'","range":{"end":{"character":7,"line":3},"start":{"character":4,"line":3}},"relatedInformation":[],"severity":1,"source":"clang"},{"code":"undec
2025-12-07 03:28:59.545 27672-28110 SimpleLspClient         com.wuxianggujun.tinaide             D  Received diagnostics notification
2025-12-07 03:28:59.551 27672-27715 SimpleLspClient         com.wuxianggujun.tinaide             D  getResult: returning result for request 14, pending_requests size=0
2025-12-07 03:28:59.553 27672-27672 NativeLspRequestBridge  com.wuxianggujun.tinaide             D  Completion result ready for key=file:///storage/emulated/0/TinaIDE/Projects/1111/main.cpp
2025-12-07 03:28:59.554 27672-27672 CppNativeCompletion     com.wuxianggujun.tinaide             D  Completion result -> file=/storage/emulated/0/TinaIDE/Projects/1111/main.cpp line=4 col=2 items=1 preview= bool
