2025-12-07 19:53:52.343  8872-8872  nggujun.tinaid          com.wuxianggujun.tinaide             W  Accessing hidden method Landroid/graphics/Paint;->getTextRunAdvances([CIIIIZ[FI)F (light greylist, linking)
2025-12-07 19:53:52.398  8872-8872  Lifecycle               com.wuxianggujun.tinaide             D  EditorFragment view created
2025-12-07 19:53:52.405  8872-8872  EditorFragment          com.wuxianggujun.tinaide             D  Loading file: /storage/emulated/0/TinaIDE/Projects/1111/main.cpp, content length: 95
2025-12-07 19:53:52.512  8872-8872  EditorFragment          com.wuxianggujun.tinaide             I  Applied C++ Tree-sitter language for: /storage/emulated/0/TinaIDE/Projects/1111/main.cpp
2025-12-07 19:53:52.513  8872-8872  EditorFragment          com.wuxianggujun.tinaide             D  compile_commands.json already exists at /storage/emulated/0/TinaIDE/Projects/1111/build/debug/compile_commands.json
2025-12-07 19:53:52.516  8872-8872  NativeLspBinResolver    com.wuxianggujun.tinaide             I  Resolved clangd binary for ABI=x86_64 at /data/user/0/com.wuxianggujun.tinaide/files/sysroot/usr/lib/x86_64-linux-android/runtime/libclangd.so
2025-12-07 19:53:52.516  8872-8872  SimpleLspService        com.wuxianggujun.tinaide             I  Configured clangd: /data/user/0/com.wuxianggujun.tinaide/files/sysroot/usr/lib/x86_64-linux-android/runtime/libclangd.so
2025-12-07 19:53:52.517  8872-8915  NativeLspDocBridge      com.wuxianggujun.tinaide             I  LSP initializing: clangd=/data/user/0/com.wuxianggujun.tinaide/files/sysroot/usr/lib/x86_64-linux-android/runtime/libclangd.so, workDir=/storage/emulated/0/TinaIDE/Projects/1111
2025-12-07 19:53:52.517  8872-8915  SimpleLspService        com.wuxianggujun.tinaide             I  Initializing: clangdPath=/data/user/0/com.wuxianggujun.tinaide/files/sysroot/usr/lib/x86_64-linux-android/runtime/libclangd.so, workDir=/storage/emulated/0/TinaIDE/Projects/1111
2025-12-07 19:53:52.517  8872-8915  SimpleLspJNI            com.wuxianggujun.tinaide             D  SimpleLspService.nativeInitialize called
2025-12-07 19:53:52.518  8872-8915  SimpleLspClient         com.wuxianggujun.tinaide             I  SimpleLspClient initializing...
2025-12-07 19:53:52.518  8872-8915  SimpleLspClient         com.wuxianggujun.tinaide             I  clangd_path: /data/user/0/com.wuxianggujun.tinaide/files/sysroot/usr/lib/x86_64-linux-android/runtime/libclangd.so
2025-12-07 19:53:52.518  8872-8915  SimpleLspClient         com.wuxianggujun.tinaide             I  work_dir: /storage/emulated/0/TinaIDE/Projects/1111
2025-12-07 19:53:52.518  8872-8915  SimpleLspClient         com.wuxianggujun.tinaide             I  Using compile_commands dir: /storage/emulated/0/TinaIDE/Projects/1111/build/debug
2025-12-07 19:53:52.518  8872-8915  TinaIDE                 com.wuxianggujun.tinaide             I  startClangd: preloading dependencies from: /data/user/0/com.wuxianggujun.tinaide/files/sysroot/usr/lib/x86_64-linux-android/runtime
2025-12-07 19:53:52.523  8872-8915  TinaIDE                 com.wuxianggujun.tinaide             I  Preloaded LLVM library: /data/user/0/com.wuxianggujun.tinaide/files/sysroot/usr/lib/x86_64-linux-android/runtime/libLLVM-17.so
2025-12-07 19:53:52.524  8872-8915  TinaIDE                 com.wuxianggujun.tinaide             I  Preloaded libclang-cpp.so
2025-12-07 19:53:52.526  8872-8915  TinaIDE                 com.wuxianggujun.tinaide             I  Preloaded libc++_shared.so
2025-12-07 19:53:52.526  8872-8915  TinaIDE                 com.wuxianggujun.tinaide             I  startClangd: loading libclangd.so from: /data/user/0/com.wuxianggujun.tinaide/files/sysroot/usr/lib/x86_64-linux-android/runtime/libclangd.so
2025-12-07 19:53:52.665  8872-8915  TinaIDE                 com.wuxianggujun.tinaide             I  startClangd: libclangd.so loaded successfully
2025-12-07 19:53:52.665  8872-8915  TinaIDE                 com.wuxianggujun.tinaide             I  startClangd: found symbols - clangd_main=0x7f0c47c29f40, clangd_run=0x7f0c47c29f70
2025-12-07 19:53:52.665  8872-8915  TinaIDE                 com.wuxianggujun.tinaide             I  startClangd: detected sysroot at /data/user/0/com.wuxianggujun.tinaide/files/sysroot
2025-12-07 19:53:52.666  8872-8915  TinaIDE                 com.wuxianggujun.tinaide             I  startClangd: using clang resource dir /data/user/0/com.wuxianggujun.tinaide/files/sysroot/lib/clang/17
2025-12-07 19:53:52.666  8872-8915  TinaIDE                 com.wuxianggujun.tinaide             I  startClangd: clangd thread started
2025-12-07 19:53:52.683  8872-9176  TinaIDE                 com.wuxianggujun.tinaide             I  clangd_thread: starting clangd
2025-12-07 19:53:53.167  8872-8915  SimpleLspClient         com.wuxianggujun.tinaide             D  Performing LSP initialize handshake...
2025-12-07 19:53:53.167  8872-9180  SimpleLspClient         com.wuxianggujun.tinaide             I  Reader thread started
2025-12-07 19:53:53.170  8872-8915  SimpleLspClient         com.wuxianggujun.tinaide             D  Sending: {"jsonrpc":"2.0","id":1,"method":"initialize","params":{"processId":8872,"rootUri":"file:///storage/emulated/0/TinaIDE/Projects/1111","capabilities":{"textDocument":{"completion":{"completionItem":{"snippetSupport":false}},"hover":{"contentFormat":["plaintext"]},"definition":{"linkSupport":false},"references":{},"publishDiagnostics":{"relatedInformation":true}}}}}
2025-12-07 19:53:53.176  8872-9180  SimpleLspClient         com.wuxianggujun.tinaide             D  Reader: received 2048 bytes, buffer now 2048 bytes
2025-12-07 19:53:53.176  8872-9180  SimpleLspClient         com.wuxianggujun.tinaide             D  Received: {"id":1,"jsonrpc":"2.0","result":{"capabilities":{"astProvider":true,"callHierarchyProvider":true,"clangdInlayHintsProvider":true,"codeActionProvider":true,"compilationDatabase":{"automaticReload":true},"completionProvider":{"resolveProvider":false,"triggerCharacters":[".","<",">",":","\"","/","*"]},"declarationProvider":true,"definitionProvider":true,"documentFormattingProvider":true,"documentHighlightProvider":true,"documentLinkProvider":{"resolveProvider":false},"documentOnTypeFormattingProvi
2025-12-07 19:53:53.176  8872-9180  SimpleLspClient         com.wuxianggujun.tinaide             D  Response stored for request 1
2025-12-07 19:53:53.271  8872-8915  SimpleLspClient         com.wuxianggujun.tinaide             D  Initialize response received
2025-12-07 19:53:53.271  8872-8915  SimpleLspClient         com.wuxianggujun.tinaide             D  Sending: {"jsonrpc":"2.0","method":"initialized","params":{}}
2025-12-07 19:53:53.271  8872-8915  SimpleLspClient         com.wuxianggujun.tinaide             I  SimpleLspClient initialized successfully
2025-12-07 19:53:53.271  8872-8915  SimpleLspJNI            com.wuxianggujun.tinaide             D  SimpleLspService.nativeInitialize: success=1
2025-12-07 19:53:53.271  8872-8915  NativeLspDocBridge      com.wuxianggujun.tinaide             I  LSP initialized successfully
2025-12-07 19:53:53.272  8872-8915  NativeLspDocBridge      com.wuxianggujun.tinaide             D  Document opened: file:///storage/emulated/0/TinaIDE/Projects/1111/main.cpp
2025-12-07 19:53:53.272  8872-9177  SimpleLspClient         com.wuxianggujun.tinaide             D  didOpen: file:///storage/emulated/0/TinaIDE/Projects/1111/main.cpp
2025-12-07 19:53:53.273  8872-9177  SimpleLspClient         com.wuxianggujun.tinaide             D  Sending: {"jsonrpc":"2.0","method":"textDocument/didOpen","params":{"textDocument":{"uri":"file:///storage/emulated/0/TinaIDE/Projects/1111/main.cpp","languageId":"cpp","version":1,"text":"#include <iostream>\n\nint main() {\n    std::cout << \"Hello, 1111!\" << std::endl;\n    return 0;\n}"}}}
2025-12-07 19:53:53.273  8872-9177  NativeLspDocBridge      com.wuxianggujun.tinaide             I  Native LSP synced document: /storage/emulated/0/TinaIDE/Projects/1111/main.cpp
2025-12-07 19:53:53.981  8872-9177  SimpleLspClient         com.wuxianggujun.tinaide             D  requestHover: id=2, file=file:///storage/emulated/0/TinaIDE/Projects/1111/main.cpp, line=3, char=45
2025-12-07 19:53:53.981  8872-9177  SimpleLspClient         com.wuxianggujun.tinaide             D  Sending: {"jsonrpc":"2.0","id":2,"method":"textDocument/hover","params":{"textDocument":{"uri":"file:///storage/emulated/0/TinaIDE/Projects/1111/main.cpp"},"position":{"line":3,"character":45}}}
2025-12-07 19:53:55.172  8872-9177  SimpleLspClient         com.wuxianggujun.tinaide             D  Cancelling old hover request 2
2025-12-07 19:53:55.172  8872-9177  SimpleLspClient         com.wuxianggujun.tinaide             D  Sending: {"jsonrpc":"2.0","method":"$/cancelRequest","params":{"id":2}}
2025-12-07 19:53:55.172  8872-9177  SimpleLspClient         com.wuxianggujun.tinaide             D  requestHover: id=3, file=file:///storage/emulated/0/TinaIDE/Projects/1111/main.cpp, line=4, char=1
2025-12-07 19:53:55.172  8872-9177  SimpleLspClient         com.wuxianggujun.tinaide             D  Sending: {"jsonrpc":"2.0","id":3,"method":"textDocument/hover","params":{"textDocument":{"uri":"file:///storage/emulated/0/TinaIDE/Projects/1111/main.cpp"},"position":{"line":4,"character":1}}}
2025-12-07 19:53:55.226  8872-9180  SimpleLspClient         com.wuxianggujun.tinaide             D  Reader: received 189 bytes, buffer now 189 bytes
2025-12-07 19:53:55.226  8872-9180  SimpleLspClient         com.wuxianggujun.tinaide             D  Received: {"jsonrpc":"2.0","method":"textDocument/publishDiagnostics","params":{"diagnostics":[],"uri":"file:///storage/emulated/0/TinaIDE/Projects/1111/main.cpp","version":1}}
2025-12-07 19:53:55.226  8872-9180  SimpleLspClient         com.wuxianggujun.tinaide             D  Received diagnostics notification
2025-12-07 19:53:55.241  8872-9180  SimpleLspClient         com.wuxianggujun.tinaide             D  Reader: received 100 bytes, buffer now 100 bytes
2025-12-07 19:53:55.241  8872-9180  SimpleLspClient         com.wuxianggujun.tinaide             D  Received: {"error":{"code":-32800,"message":"Request cancelled"},"id":2,"jsonrpc":"2.0"}
2025-12-07 19:53:55.241  8872-9180  SimpleLspClient         com.wuxianggujun.tinaide             D  Response for cancelled request 2, ignoring
2025-12-07 19:53:55.254  8872-9180  SimpleLspClient         com.wuxianggujun.tinaide             D  Reader: received 60 bytes, buffer now 60 bytes
2025-12-07 19:53:55.254  8872-9180  SimpleLspClient         com.wuxianggujun.tinaide             D  Received: {"id":3,"jsonrpc":"2.0","result":null}
2025-12-07 19:53:55.254  8872-9180  SimpleLspClient         com.wuxianggujun.tinaide             D  Response stored for request 3
2025-12-07 19:53:55.271  8872-9178  SimpleLspClient         com.wuxianggujun.tinaide             D  getResult: returning result for request 3, pending_requests size=0
2025-12-07 19:53:55.472  8872-9178  NativeLspDocBridge      com.wuxianggujun.tinaide             D  Document changed: file:///storage/emulated/0/TinaIDE/Projects/1111/main.cpp, version=2
2025-12-07 19:53:55.473  8872-9178  SimpleLspClient         com.wuxianggujun.tinaide             D  didChange: file:///storage/emulated/0/TinaIDE/Projects/1111/main.cpp, version=2
2025-12-07 19:53:55.473  8872-9178  SimpleLspClient         com.wuxianggujun.tinaide             D  Sending: {"jsonrpc":"2.0","method":"textDocument/didChange","params":{"textDocument":{"uri":"file:///storage/emulated/0/TinaIDE/Projects/1111/main.cpp","version":2},"contentChanges":[{"text":"#include <iostream>\n\nint main() {\n    std::cout << \"Hello, 1111!\" << std::endl;\n\t\n    return 0;\n}"}]}}
2025-12-07 19:53:55.613  8872-9180  SimpleLspClient         com.wuxianggujun.tinaide             D  Reader: received 189 bytes, buffer now 189 bytes
2025-12-07 19:53:55.613  8872-9180  SimpleLspClient         com.wuxianggujun.tinaide             D  Received: {"jsonrpc":"2.0","method":"textDocument/publishDiagnostics","params":{"diagnostics":[],"uri":"file:///storage/emulated/0/TinaIDE/Projects/1111/main.cpp","version":2}}
2025-12-07 19:53:55.613  8872-9180  SimpleLspClient         com.wuxianggujun.tinaide             D  Received diagnostics notification
2025-12-07 19:53:55.672  8872-9177  SimpleLspClient         com.wuxianggujun.tinaide             D  requestHover: id=4, file=file:///storage/emulated/0/TinaIDE/Projects/1111/main.cpp, line=4, char=2
2025-12-07 19:53:55.672  8872-9177  SimpleLspClient         com.wuxianggujun.tinaide             D  Sending: {"jsonrpc":"2.0","id":4,"method":"textDocument/hover","params":{"textDocument":{"uri":"file:///storage/emulated/0/TinaIDE/Projects/1111/main.cpp"},"position":{"line":4,"character":2}}}
2025-12-07 19:53:55.673  8872-9195  CppNativeCompletion     com.wuxianggujun.tinaide             D  Completion request -> file=/storage/emulated/0/TinaIDE/Projects/1111/main.cpp line=4 col=2 key=/storage/emulated/0/TinaIDE/Projects/1111/main.cpp:4:2 prefix=''
2025-12-07 19:53:55.673  8872-9180  SimpleLspClient         com.wuxianggujun.tinaide             D  Reader: received 60 bytes, buffer now 60 bytes
2025-12-07 19:53:55.674  8872-9180  SimpleLspClient         com.wuxianggujun.tinaide             D  Received: {"id":4,"jsonrpc":"2.0","result":null}
2025-12-07 19:53:55.674  8872-9180  SimpleLspClient         com.wuxianggujun.tinaide             D  Response stored for request 4
2025-12-07 19:53:55.683  8872-9177  SimpleLspClient         com.wuxianggujun.tinaide             D  getResult: returning result for request 4, pending_requests size=0
2025-12-07 19:53:55.688  8872-9178  NativeLspDocBridge      com.wuxianggujun.tinaide             D  Document changed: file:///storage/emulated/0/TinaIDE/Projects/1111/main.cpp, version=3
2025-12-07 19:53:55.689  8872-8915  SimpleLspClient         com.wuxianggujun.tinaide             D  didChange: file:///storage/emulated/0/TinaIDE/Projects/1111/main.cpp, version=3
2025-12-07 19:53:55.689  8872-8915  SimpleLspClient         com.wuxianggujun.tinaide             D  Sending: {"jsonrpc":"2.0","method":"textDocument/didChange","params":{"textDocument":{"uri":"file:///storage/emulated/0/TinaIDE/Projects/1111/main.cpp","version":3},"contentChanges":[{"text":"#include <iostream>\n\nint main() {\n    std::cout << \"Hello, 1111!\" << std::endl;\n\ts\n    return 0;\n}"}]}}
2025-12-07 19:53:55.739  8872-9178  SimpleLspClient         com.wuxianggujun.tinaide             D  requestCompletion: id=5, file=file:///storage/emulated/0/TinaIDE/Projects/1111/main.cpp, line=4, char=2
2025-12-07 19:53:55.739  8872-9178  SimpleLspClient         com.wuxianggujun.tinaide             D  Sending: {"jsonrpc":"2.0","id":5,"method":"textDocument/completion","params":{"textDocument":{"uri":"file:///storage/emulated/0/TinaIDE/Projects/1111/main.cpp"},"position":{"line":4,"character":2},"context":{"triggerKind":1}}}
2025-12-07 19:53:55.739  8872-9178  SimpleLspService        com.wuxianggujun.tinaide             D  Completion request: id=5
2025-12-07 19:53:55.788  8872-9180  SimpleLspClient         com.wuxianggujun.tinaide             D  Reader: received 8192 bytes, buffer now 8192 bytes
2025-12-07 19:53:55.788  8872-9180  SimpleLspClient         com.wuxianggujun.tinaide             D  Reader: received 8192 bytes, buffer now 16384 bytes
2025-12-07 19:53:55.789  8872-9180  SimpleLspClient         com.wuxianggujun.tinaide             D  Reader: received 8192 bytes, buffer now 24576 bytes
2025-12-07 19:53:55.789  8872-9180  SimpleLspClient         com.wuxianggujun.tinaide             D  Reader: received 8192 bytes, buffer now 32768 bytes
2025-12-07 19:53:55.789  8872-9180  SimpleLspClient         com.wuxianggujun.tinaide             D  Reader: received 8192 bytes, buffer now 40960 bytes
2025-12-07 19:53:55.789  8872-9180  SimpleLspClient         com.wuxianggujun.tinaide             D  Reader: received 8192 bytes, buffer now 49152 bytes
2025-12-07 19:53:55.790  8872-9180  SimpleLspClient         com.wuxianggujun.tinaide             D  Reader: received 1825 bytes, buffer now 50977 bytes
2025-12-07 19:53:55.790  8872-9180  SimpleLspClient         com.wuxianggujun.tinaide             D  Received: {"id":5,"jsonrpc":"2.0","result":{"isIncomplete":true,"items":[{"filterText":"std","insertText":"std","insertTextFormat":1,"kind":9,"label":" std","score":1.59995436668396,"sortText":"403334b2std","textEdit":{"newText":"std","range":{"end":{"character":2,"line":4},"start":{"character":1,"line":4}}}},{"filterText":"short","insertText":"short","insertTextFormat":1,"kind":14,"label":" short","score":0.8373723030090332,"sortText":"40a9a1f8short","textEdit":{"newText":"short","range":{"end":{"charact
2025-12-07 19:53:55.790  8872-9180  SimpleLspClient         com.wuxianggujun.tinaide             D  Response stored for request 5
2025-12-07 19:53:55.792  8872-9177  SimpleLspClient         com.wuxianggujun.tinaide             D  getResult: returning result for request 5, pending_requests size=0
2025-12-07 19:53:55.820  8872-8872  CppNativeCompletion     com.wuxianggujun.tinaide             D  Completion result -> file=/storage/emulated/0/TinaIDE/Projects/1111/main.cpp line=4 col=2 items=100 preview= std,  short,  signed,  sizeof(expression-or-type),  sizeof...(parameter-pack)
2025-12-07 19:53:55.833  8872-8872  nggujun.tinaid          com.wuxianggujun.tinaide             W  Accessing hidden method Landroid/text/SpannableStringInternal;->length()I (light greylist, linking)
2025-12-07 19:53:55.954  8872-8926  EGL_adreno              com.wuxianggujun.tinaide             E  [getAttribValue] Bad attribute idx
2025-12-07 19:53:55.954  8872-8926  EGL_adreno              com.wuxianggujun.tinaide             D  eglGetConfigAttrib: bad attrib 0x3339
2025-12-07 19:53:55.974  8872-8926  EGL_adreno              com.wuxianggujun.tinaide             E  tid 8926: eglSurfaceAttrib(1615): error 0x3009 (EGL_BAD_MATCH)
2025-12-07 19:53:55.974  8872-8926  OpenGLRenderer          com.wuxianggujun.tinaide             W  Failed to set EGL_SWAP_BEHAVIOR on surface 0x7f0c56462980, error=EGL_BAD_MATCH
2025-12-07 19:53:56.697  8872-9201  CppNativeCompletion     com.wuxianggujun.tinaide             D  Completion request -> file=/storage/emulated/0/TinaIDE/Projects/1111/main.cpp line=4 col=1 key=/storage/emulated/0/TinaIDE/Projects/1111/main.cpp:4:1 prefix=''
2025-12-07 19:53:56.697  8872-9201  CppNativeCompletion     com.wuxianggujun.tinaide             D  Empty prefix, skip completion for key=/storage/emulated/0/TinaIDE/Projects/1111/main.cpp:4:1
2025-12-07 19:53:56.697  8872-9177  SimpleLspClient         com.wuxianggujun.tinaide             D  requestHover: id=6, file=file:///storage/emulated/0/TinaIDE/Projects/1111/main.cpp, line=4, char=1
2025-12-07 19:53:56.700  8872-9177  SimpleLspClient         com.wuxianggujun.tinaide             D  Sending: {"jsonrpc":"2.0","id":6,"method":"textDocument/hover","params":{"textDocument":{"uri":"file:///storage/emulated/0/TinaIDE/Projects/1111/main.cpp"},"position":{"line":4,"character":1}}}
2025-12-07 19:53:56.997  8872-9177  NativeLspDocBridge      com.wuxianggujun.tinaide             D  Document changed: file:///storage/emulated/0/TinaIDE/Projects/1111/main.cpp, version=4
2025-12-07 19:53:56.997  8872-9177  SimpleLspClient         com.wuxianggujun.tinaide             D  didChange: file:///storage/emulated/0/TinaIDE/Projects/1111/main.cpp, version=4
2025-12-07 19:53:56.997  8872-9177  SimpleLspClient         com.wuxianggujun.tinaide             D  Sending: {"jsonrpc":"2.0","method":"textDocument/didChange","params":{"textDocument":{"uri":"file:///storage/emulated/0/TinaIDE/Projects/1111/main.cpp","version":4},"contentChanges":[{"text":"#include <iostream>\n\nint main() {\n    std::cout << \"Hello, 1111!\" << std::endl;\n\t\n    return 0;\n}"}]}}
2025-12-07 19:53:57.021  8872-9202  CppNativeCompletion     com.wuxianggujun.tinaide             D  Completion request -> file=/storage/emulated/0/TinaIDE/Projects/1111/main.cpp line=4 col=2 key=/storage/emulated/0/TinaIDE/Projects/1111/main.cpp:4:2 prefix=''
2025-12-07 19:53:57.021  8872-9202  NativeLspRequestBridge  com.wuxianggujun.tinaide             D  Hover request skipped identity=4:2:4
2025-12-07 19:53:57.055  8872-8915  NativeLspDocBridge      com.wuxianggujun.tinaide             D  Document changed: file:///storage/emulated/0/TinaIDE/Projects/1111/main.cpp, version=5
2025-12-07 19:53:57.056  8872-9177  SimpleLspClient         com.wuxianggujun.tinaide             D  didChange: file:///storage/emulated/0/TinaIDE/Projects/1111/main.cpp, version=5
2025-12-07 19:53:57.056  8872-9177  SimpleLspClient         com.wuxianggujun.tinaide             D  Sending: {"jsonrpc":"2.0","method":"textDocument/didChange","params":{"textDocument":{"uri":"file:///storage/emulated/0/TinaIDE/Projects/1111/main.cpp","version":5},"contentChanges":[{"text":"#include <iostream>\n\nint main() {\n    std::cout << \"Hello, 1111!\" << std::endl;\n\ts\n    return 0;\n}"}]}}
2025-12-07 19:53:57.106  8872-9177  SimpleLspClient         com.wuxianggujun.tinaide             D  requestCompletion: id=7, file=file:///storage/emulated/0/TinaIDE/Projects/1111/main.cpp, line=4, char=2
2025-12-07 19:53:57.106  8872-9177  SimpleLspClient         com.wuxianggujun.tinaide             D  Sending: {"jsonrpc":"2.0","id":7,"method":"textDocument/completion","params":{"textDocument":{"uri":"file:///storage/emulated/0/TinaIDE/Projects/1111/main.cpp"},"position":{"line":4,"character":2},"context":{"triggerKind":1}}}
2025-12-07 19:53:57.106  8872-9177  SimpleLspService        com.wuxianggujun.tinaide             D  Completion request: id=7
2025-12-07 19:53:58.305  8872-8872  NativeLspRequestBridge  com.wuxianggujun.tinaide             D  Hover suppressed due to pending completion key=file:///storage/emulated/0/TinaIDE/Projects/1111/main.cpp
2025-12-07 19:53:58.588  8872-8872  NativeLspRequestBridge  com.wuxianggujun.tinaide             D  Hover suppressed due to pending completion key=file:///storage/emulated/0/TinaIDE/Projects/1111/main.cpp
2025-12-07 19:53:58.588  8872-9214  CppNativeCompletion     com.wuxianggujun.tinaide             D  Completion request -> file=/storage/emulated/0/TinaIDE/Projects/1111/main.cpp line=4 col=2 key=/storage/emulated/0/TinaIDE/Projects/1111/main.cpp:4:2 prefix=''
2025-12-07 19:53:58.888  8872-8915  NativeLspDocBridge      com.wuxianggujun.tinaide             D  No content changes for file:///storage/emulated/0/TinaIDE/Projects/1111/main.cpp, skip didChange
2025-12-07 19:53:59.719  8872-8872  NativeLspRequestBridge  com.wuxianggujun.tinaide             D  Hover suppressed due to pending completion key=file:///storage/emulated/0/TinaIDE/Projects/1111/main.cpp
2025-12-07 19:53:59.720  8872-9219  CppNativeCompletion     com.wuxianggujun.tinaide             D  Completion request -> file=/storage/emulated/0/TinaIDE/Projects/1111/main.cpp line=4 col=3 key=/storage/emulated/0/TinaIDE/Projects/1111/main.cpp:4:3 prefix=''
2025-12-07 19:53:59.720  8872-9219  NativeLspRequestBridge  com.wuxianggujun.tinaide             D  Completion request skipped identity=4:2:5
2025-12-07 19:53:59.852  8872-8872  NativeLspRequestBridge  com.wuxianggujun.tinaide             D  Hover suppressed due to pending completion key=file:///storage/emulated/0/TinaIDE/Projects/1111/main.cpp
2025-12-07 19:53:59.853  8872-9220  CppNativeCompletion     com.wuxianggujun.tinaide             D  Completion request -> file=/storage/emulated/0/TinaIDE/Projects/1111/main.cpp line=4 col=4 key=/storage/emulated/0/TinaIDE/Projects/1111/main.cpp:4:4 prefix=''
2025-12-07 19:53:59.853  8872-9220  NativeLspRequestBridge  com.wuxianggujun.tinaide             D  Completion request skipped identity=4:3:5
2025-12-07 19:54:00.153  8872-8915  NativeLspDocBridge      com.wuxianggujun.tinaide             D  Document changed: file:///storage/emulated/0/TinaIDE/Projects/1111/main.cpp, version=6
2025-12-07 19:54:00.153  8872-8915  SimpleLspClient         com.wuxianggujun.tinaide             D  didChange: file:///storage/emulated/0/TinaIDE/Projects/1111/main.cpp, version=6
2025-12-07 19:54:00.153  8872-8915  SimpleLspClient         com.wuxianggujun.tinaide             D  Sending: {"jsonrpc":"2.0","method":"textDocument/didChange","params":{"textDocument":{"uri":"file:///storage/emulated/0/TinaIDE/Projects/1111/main.cpp","version":6},"contentChanges":[{"text":"#include <iostream>\n\nint main() {\n    std::cout << \"Hello, 1111!\" << std::endl;\n\tstd\n    return 0;\n}"}]}}
2025-12-07 19:54:00.507  8872-8872  NativeLspRequestBridge  com.wuxianggujun.tinaide             D  Hover suppressed due to pending completion key=file:///storage/emulated/0/TinaIDE/Projects/1111/main.cpp
2025-12-07 19:54:00.680  8872-8872  NativeLspRequestBridge  com.wuxianggujun.tinaide             D  Hover suppressed due to pending completion key=file:///storage/emulated/0/TinaIDE/Projects/1111/main.cpp
2025-12-07 19:54:00.799  8872-9180  SimpleLspClient         com.wuxianggujun.tinaide             D  Reader: 50 empty reads, 2 pending requests, buffer size=0
2025-12-07 19:54:00.958  8872-8872  NativeLspRequestBridge  com.wuxianggujun.tinaide             D  Hover suppressed due to pending completion key=file:///storage/emulated/0/TinaIDE/Projects/1111/main.cpp
2025-12-07 19:54:01.120  8872-8872  NativeLspRequestBridge  com.wuxianggujun.tinaide             D  Hover suppressed due to pending completion key=file:///storage/emulated/0/TinaIDE/Projects/1111/main.cpp
2025-12-07 19:54:01.120  8872-9225  CppNativeCompletion     com.wuxianggujun.tinaide             D  Completion request -> file=/storage/emulated/0/TinaIDE/Projects/1111/main.cpp line=4 col=2 key=/storage/emulated/0/TinaIDE/Projects/1111/main.cpp:4:2 prefix=''
2025-12-07 19:54:01.120  8872-9225  NativeLspRequestBridge  com.wuxianggujun.tinaide             D  Completion request skipped identity=4:4:5
2025-12-07 19:54:01.420  8872-8914  NativeLspDocBridge      com.wuxianggujun.tinaide             D  Document changed: file:///storage/emulated/0/TinaIDE/Projects/1111/main.cpp, version=7
2025-12-07 19:54:01.420  8872-8914  SimpleLspClient         com.wuxianggujun.tinaide             D  didChange: file:///storage/emulated/0/TinaIDE/Projects/1111/main.cpp, version=7
2025-12-07 19:54:01.420  8872-8914  SimpleLspClient         com.wuxianggujun.tinaide             D  Sending: {"jsonrpc":"2.0","method":"textDocument/didChange","params":{"textDocument":{"uri":"file:///storage/emulated/0/TinaIDE/Projects/1111/main.cpp","version":7},"contentChanges":[{"text":"#include <iostream>\n\nint main() {\n    std::cout << \"Hello, 1111!\" << std::endl;\n\ts\n    return 0;\n}"}]}}
2025-12-07 19:54:02.113  8872-8915  SimpleLspService        com.wuxianggujun.tinaide             W  Request 7 timed out
2025-12-07 19:54:02.114  8872-8915  SimpleLspClient         com.wuxianggujun.tinaide             D  cancelRequest: id=7
2025-12-07 19:54:02.114  8872-8915  SimpleLspClient         com.wuxianggujun.tinaide             D  Sending: {"jsonrpc":"2.0","method":"$/cancelRequest","params":{"id":7}}
2025-12-07 19:54:02.114  8872-8872  CppNativeCompletion     com.wuxianggujun.tinaide             D  Completion result empty for key=/storage/emulated/0/TinaIDE/Projects/1111/main.cpp:4:2
2025-12-07 19:54:02.125  8872-8915  NativeLspDocBridge      com.wuxianggujun.tinaide             D  No content changes for file:///storage/emulated/0/TinaIDE/Projects/1111/main.cpp, skip didChange
2025-12-07 19:54:02.176  8872-8915  SimpleLspClient         com.wuxianggujun.tinaide             D  requestCompletion: id=8, file=file:///storage/emulated/0/TinaIDE/Projects/1111/main.cpp, line=4, char=2
2025-12-07 19:54:02.176  8872-8915  SimpleLspClient         com.wuxianggujun.tinaide             D  Sending: {"jsonrpc":"2.0","id":8,"method":"textDocument/completion","params":{"textDocument":{"uri":"file:///storage/emulated/0/TinaIDE/Projects/1111/main.cpp"},"position":{"line":4,"character":2},"context":{"triggerKind":1}}}
2025-12-07 19:54:02.176  8872-8915  SimpleLspService        com.wuxianggujun.tinaide             D  Completion request: id=8
2025-12-07 19:54:05.809  8872-9180  SimpleLspClient         com.wuxianggujun.tinaide             D  Reader: 100 empty reads, 3 pending requests, buffer size=0
2025-12-07 19:54:07.186  8872-8915  SimpleLspService        com.wuxianggujun.tinaide             W  Request 8 timed out
2025-12-07 19:54:07.186  8872-8915  SimpleLspClient         com.wuxianggujun.tinaide             D  cancelRequest: id=8
2025-12-07 19:54:07.186  8872-8915  SimpleLspClient         com.wuxianggujun.tinaide             D  Sending: {"jsonrpc":"2.0","method":"$/cancelRequest","params":{"id":8}}
2025-12-07 19:54:07.187  8872-8872  CppNativeCompletion     com.wuxianggujun.tinaide             D  Completion result empty for key=/storage/emulated/0/TinaIDE/Projects/1111/main.cpp:4:2
